
**********************************************************************
*                                                                    *
*                        M   A   P   L   E                           *
*                                                                    *
*      MAchine-learning Potential for Landscape Exploration          *
*                                                                    *
*                                                                    *
*      © 2025 University of Pittsburgh. All rights reserved.         *
*      Licensed under CC BY 4.0 for academic use.                    *
*                                                                    *
*      Principal Developer:  Xujian Wang                             *
*                                                                    *
**********************************************************************


Parsing # commands...
Global parameter: model = aimnet2nse
Task set to 'scan'
Global parameter: device = gpu0
Parsed configuration:
----------------------------------------
Task: scan
model          : aimnet2nse
method         : rfo
mode           : relaxed
device         : gpu0

                             Coordinates                              
**********************************************************************

Group 1 (inline)
--------------------
1    C             -0.462770             1.150679             0.426245
2    O             -0.321247            -0.248616             0.264228
3    H             -1.511339             1.392117             0.616849
4    H             -0.137123             1.649207            -0.489748
5    H              0.157134             1.486253             1.261247
6    H             -0.617598            -0.663567             1.092150

======================================================================
                  Constraints and Restraints Summary                  
======================================================================
Scan coordinates: 1
======================================================================

----------------------------------------------------------------------
            Scanning combination 1/73: [299.60]

                             Coordinates                              
----------------------------------------------------------------------
0    C               -0.4384               1.1531               0.4333
1    O               -0.3466              -0.2540               0.2614
2    H               -1.4606               1.4703               0.6552
3    H               -0.1392               1.6099              -0.5079
4    H                0.2288               1.5136               1.2201
5    H               -0.6263              -0.6736               1.0737


Energy:                 -115.795188 Convergence criteria  Is converged 
Maximum Force:             0.001209     0.002850                Yes
RMS Force:                 0.000523     0.001900                Yes
Maximum Displacement:      0.002118     0.003150                Yes
RMS Displacement:          0.000706     0.002100                Yes

RFO optimization converged at iteration 3.

----------------------------------------------------------------------
            Scanning combination 2/73: [304.60]

                             Coordinates                              
----------------------------------------------------------------------
0    C               -0.4392               1.1530               0.4316
1    O               -0.3429              -0.2538               0.2631
2    H               -1.4565               1.4675               0.6777
3    H               -0.1505               1.6114              -0.5117
4    H                0.2353               1.5131               1.2124
5    H               -0.6736              -0.6740               1.0556


Energy:                 -115.795170 Convergence criteria  Is converged 
Maximum Force:             0.000723     0.002850                Yes
RMS Force:                 0.000316     0.001900                Yes
Maximum Displacement:      0.002092     0.003150                Yes
RMS Displacement:          0.000711     0.002100                Yes

RFO optimization converged at iteration 4.

----------------------------------------------------------------------
            Scanning combination 3/73: [309.60]

                             Coordinates                              
----------------------------------------------------------------------
0    C               -0.4397               1.1531               0.4309
1    O               -0.3391              -0.2538               0.2650
2    H               -1.4536               1.4637               0.6949
3    H               -0.1675               1.6125              -0.5168
4    H                0.2452               1.5152               1.2016
5    H               -0.7251              -0.6734               1.0323


Energy:                 -115.795120 Convergence criteria  Is converged 
Maximum Force:             0.000939     0.002850                Yes
RMS Force:                 0.000396     0.001900                Yes
Maximum Displacement:      0.001998     0.003150                Yes
RMS Displacement:          0.000711     0.002100                Yes

RFO optimization converged at iteration 5.

----------------------------------------------------------------------
            Scanning combination 4/73: [314.60]

                             Coordinates                              
----------------------------------------------------------------------
0    C               -0.4401               1.1531               0.4302
1    O               -0.3354              -0.2539               0.2672
2    H               -1.4503               1.4600               0.7119
3    H               -0.1844               1.6134              -0.5218
4    H                0.2549               1.5177               1.1905
5    H               -0.7748              -0.6726               1.0055


Energy:                 -115.795044 Convergence criteria  Is converged 
Maximum Force:             0.001105     0.002850                Yes
RMS Force:                 0.000465     0.001900                Yes
Maximum Displacement:      0.001926     0.003150                Yes
RMS Displacement:          0.000711     0.002100                Yes

RFO optimization converged at iteration 5.

----------------------------------------------------------------------
            Scanning combination 5/73: [319.60]

                             Coordinates                              
----------------------------------------------------------------------
0    C               -0.4403               1.1532               0.4299
1    O               -0.3318              -0.2540               0.2696
2    H               -1.4472               1.4562               0.7269
3    H               -0.2035               1.6140              -0.5270
4    H                0.2656               1.5212               1.1780
5    H               -0.8243              -0.6718               0.9739


Energy:                 -115.794952 Convergence criteria  Is converged 
Maximum Force:             0.000592     0.002850                Yes
RMS Force:                 0.000264     0.001900                Yes
Maximum Displacement:      0.001901     0.003150                Yes
RMS Displacement:          0.000713     0.002100                Yes

RFO optimization converged at iteration 5.

----------------------------------------------------------------------
            Scanning combination 6/73: [324.60]

                             Coordinates                              
----------------------------------------------------------------------
0    C               -0.4406               1.1532               0.4291
1    O               -0.3285              -0.2541               0.2722
2    H               -1.4431               1.4527               0.7440
3    H               -0.2203               1.6151              -0.5313
4    H                0.2750               1.5234               1.1666
5    H               -0.8695              -0.6705               0.9406


Energy:                 -115.794841 Convergence criteria  Is converged 
Maximum Force:             0.000803     0.002850                Yes
RMS Force:                 0.000354     0.001900                Yes
Maximum Displacement:      0.001823     0.003150                Yes
RMS Displacement:          0.000713     0.002100                Yes

RFO optimization converged at iteration 5.

----------------------------------------------------------------------
            Scanning combination 7/73: [329.60]

                             Coordinates                              
----------------------------------------------------------------------
0    C               -0.4410               1.1533               0.4282
1    O               -0.3253              -0.2543               0.2751
2    H               -1.4387               1.4492               0.7608
3    H               -0.2372               1.6165              -0.5354
4    H                0.2843               1.5256               1.1550
5    H               -0.9124              -0.6688               0.9043


Energy:                 -115.794721 Convergence criteria  Is converged 
Maximum Force:             0.001024     0.002850                Yes
RMS Force:                 0.000447     0.001900                Yes
Maximum Displacement:      0.001703     0.003150                Yes
RMS Displacement:          0.000712     0.002100                Yes

RFO optimization converged at iteration 5.

----------------------------------------------------------------------
            Scanning combination 8/73: [334.60]

                             Coordinates                              
----------------------------------------------------------------------
0    C               -0.4411               1.1534               0.4277
1    O               -0.3223              -0.2545               0.2782
2    H               -1.4347               1.4460               0.7752
3    H               -0.2564               1.6175              -0.5397
4    H                0.2949               1.5287               1.1416
5    H               -0.9543              -0.6671               0.8634


Energy:                 -115.794605 Convergence criteria  Is converged 
Maximum Force:             0.000561     0.002850                Yes
RMS Force:                 0.000259     0.001900                Yes
Maximum Displacement:      0.001738     0.003150                Yes
RMS Displacement:          0.000714     0.002100                Yes

RFO optimization converged at iteration 5.

----------------------------------------------------------------------
            Scanning combination 9/73: [339.60]

                             Coordinates                              
----------------------------------------------------------------------
0    C               -0.4415               1.1536               0.4268
1    O               -0.3195              -0.2548               0.2815
2    H               -1.4295               1.4433               0.7917
3    H               -0.2731               1.6187              -0.5434
4    H                0.3042               1.5306               1.1294
5    H               -0.9915              -0.6654               0.8215


Energy:                 -115.794491 Convergence criteria  Is converged 
Maximum Force:             0.000859     0.002850                Yes
RMS Force:                 0.000380     0.001900                Yes
Maximum Displacement:      0.001787     0.003150                Yes
RMS Displacement:          0.000713     0.002100                Yes

RFO optimization converged at iteration 5.

----------------------------------------------------------------------
            Scanning combination 10/73: [344.60]

                             Coordinates                              
----------------------------------------------------------------------
0    C               -0.4417               1.1537               0.4263
1    O               -0.3169              -0.2550               0.2851
2    H               -1.4248               1.4410               0.8058
3    H               -0.2920               1.6195              -0.5471
4    H                0.3149               1.5332               1.1152
5    H               -1.0272              -0.6637               0.7751


Energy:                 -115.794397 Convergence criteria  Is converged 
Maximum Force:             0.000473     0.002850                Yes
RMS Force:                 0.000221     0.001900                Yes
Maximum Displacement:      0.001959     0.003150                Yes
RMS Displacement:          0.000715     0.002100                Yes

RFO optimization converged at iteration 5.

----------------------------------------------------------------------
            Scanning combination 11/73: [349.60]

                             Coordinates                              
----------------------------------------------------------------------
0    C               -0.4421               1.1538               0.4252
1    O               -0.3145              -0.2553               0.2888
2    H               -1.4190               1.4392               0.8219
3    H               -0.3084               1.6205              -0.5503
4    H                0.3242               1.5345               1.1024
5    H               -1.0581              -0.6620               0.7284


Energy:                 -115.794319 Convergence criteria  Is converged 
Maximum Force:             0.000816     0.002850                Yes
RMS Force:                 0.000360     0.001900                Yes
Maximum Displacement:      0.001974     0.003150                Yes
RMS Displacement:          0.000713     0.002100                Yes

RFO optimization converged at iteration 5.

----------------------------------------------------------------------
            Scanning combination 12/73: [354.60]

                             Coordinates                              
----------------------------------------------------------------------
0    C               -0.4424               1.1539               0.4247
1    O               -0.3124              -0.2555               0.2927
2    H               -1.4137               1.4378               0.8356
3    H               -0.3271               1.6209              -0.5536
4    H                0.3350               1.5363               1.0875
5    H               -1.0869              -0.6599               0.6775


Energy:                 -115.794273 Convergence criteria  Is converged 
Maximum Force:             0.000459     0.002850                Yes
RMS Force:                 0.000213     0.001900                Yes
Maximum Displacement:      0.002124     0.003150                Yes
RMS Displacement:          0.000715     0.002100                Yes

RFO optimization converged at iteration 5.

----------------------------------------------------------------------
            Scanning combination 13/73: [359.60]

                             Coordinates                              
----------------------------------------------------------------------
0    C               -0.4428               1.1539               0.4236
1    O               -0.3105              -0.2557               0.2967
2    H               -1.4072               1.4368               0.8513
3    H               -0.3434               1.6216              -0.5564
4    H                0.3444               1.5369               1.0741
5    H               -1.1110              -0.6576               0.6270


Energy:                 -115.794253 Convergence criteria  Is converged 
Maximum Force:             0.000811     0.002850                Yes
RMS Force:                 0.000356     0.001900                Yes
Maximum Displacement:      0.002111     0.003150                Yes
RMS Displacement:          0.000713     0.002100                Yes

RFO optimization converged at iteration 5.

----------------------------------------------------------------------
            Scanning combination 14/73: [364.60]

                             Coordinates                              
----------------------------------------------------------------------
0    C               -0.4430               1.1540               0.4230
1    O               -0.3089              -0.2559               0.3009
2    H               -1.4012               1.4363               0.8648
3    H               -0.3618               1.6214              -0.5592
4    H                0.3551               1.5379               1.0588
5    H               -1.1325              -0.6549               0.5726


Energy:                 -115.794268 Convergence criteria  Is converged 
Maximum Force:             0.000455     0.002850                Yes
RMS Force:                 0.000208     0.001900                Yes
Maximum Displacement:      0.002241     0.003150                Yes
RMS Displacement:          0.000715     0.002100                Yes

RFO optimization converged at iteration 5.

----------------------------------------------------------------------
            Scanning combination 15/73: [369.60]

                             Coordinates                              
----------------------------------------------------------------------
0    C               -0.4512               1.1430               0.4405
1    O               -0.3158              -0.2657               0.3071
2    H               -1.4004               1.4199               0.9046
3    H               -0.3897               1.6215              -0.5381
4    H                0.3592               1.5199               1.0642
5    H               -1.1571              -0.6639               0.5193


Energy:                 -115.794311 Convergence criteria  Is converged 
Maximum Force:             0.000623     0.002850                Yes
RMS Force:                 0.000279     0.001900                Yes
Maximum Displacement:      0.002262     0.003150                Yes
RMS Displacement:          0.000715     0.002100                Yes

RFO optimization converged at iteration 7.

----------------------------------------------------------------------
            Scanning combination 16/73: [374.60]

                             Coordinates                              
----------------------------------------------------------------------
0    C               -0.4517               1.1430               0.4395
1    O               -0.3147              -0.2659               0.3113
2    H               -1.3928               1.4197               0.9199
3    H               -0.4057               1.6211              -0.5404
4    H                0.3683               1.5200               1.0501
5    H               -1.1705              -0.6604               0.4649


Energy:                 -115.794380 Convergence criteria  Is converged 
Maximum Force:             0.000936     0.002850                Yes
RMS Force:                 0.000406     0.001900                Yes
Maximum Displacement:      0.002227     0.003150                Yes
RMS Displacement:          0.000713     0.002100                Yes

RFO optimization converged at iteration 5.

----------------------------------------------------------------------
            Scanning combination 17/73: [379.60]

                             Coordinates                              
----------------------------------------------------------------------
0    C               -0.4519               1.1430               0.4389
1    O               -0.3138              -0.2661               0.3157
2    H               -1.3858               1.4203               0.9330
3    H               -0.4236               1.6196              -0.5427
4    H                0.3787               1.5205               1.0338
5    H               -1.1805              -0.6563               0.4073


Energy:                 -115.794477 Convergence criteria  Is converged 
Maximum Force:             0.000529     0.002850                Yes
RMS Force:                 0.000235     0.001900                Yes
Maximum Displacement:      0.002326     0.003150                Yes
RMS Displacement:          0.000715     0.002100                Yes

RFO optimization converged at iteration 5.

----------------------------------------------------------------------
            Scanning combination 18/73: [384.60]

                             Coordinates                              
----------------------------------------------------------------------
0    C               -0.4523               1.1430               0.4380
1    O               -0.3133              -0.2663               0.3200
2    H               -1.3774               1.4211               0.9482
3    H               -0.4391               1.6186              -0.5446
4    H                0.3876               1.5204               1.0192
5    H               -1.1861              -0.6526               0.3516


Energy:                 -115.794585 Convergence criteria  Is converged 
Maximum Force:             0.000809     0.002850                Yes
RMS Force:                 0.000349     0.001900                Yes
Maximum Displacement:      0.002296     0.003150                Yes
RMS Displacement:          0.000713     0.002100                Yes

RFO optimization converged at iteration 5.

----------------------------------------------------------------------
            Scanning combination 19/73: [389.60]

                             Coordinates                              
----------------------------------------------------------------------
0    C               -0.4527               1.1430               0.4371
1    O               -0.3130              -0.2665               0.3244
2    H               -1.3686               1.4222               0.9631
3    H               -0.4544               1.6174              -0.5464
4    H                0.3966               1.5201               1.0043
5    H               -1.1878              -0.6490               0.2956


Energy:                 -115.794701 Convergence criteria  Is converged 
Maximum Force:             0.001025     0.002850                Yes
RMS Force:                 0.000437     0.001900                Yes
Maximum Displacement:      0.002274     0.003150                Yes
RMS Displacement:          0.000713     0.002100                Yes

RFO optimization converged at iteration 5.

----------------------------------------------------------------------
            Scanning combination 20/73: [394.60]

                             Coordinates                              
----------------------------------------------------------------------
0    C               -0.4529               1.1429               0.4366
1    O               -0.3131              -0.2667               0.3287
2    H               -1.3605               1.4242               0.9760
3    H               -0.4715               1.6150              -0.5481
4    H                0.4066               1.5204               0.9872
5    H               -1.1854              -0.6452               0.2370


Energy:                 -115.794824 Convergence criteria  Is converged 
Maximum Force:             0.000534     0.002850                Yes
RMS Force:                 0.000233     0.001900                Yes
Maximum Displacement:      0.002347     0.003150                Yes
RMS Displacement:          0.000715     0.002100                Yes

RFO optimization converged at iteration 5.

----------------------------------------------------------------------
            Scanning combination 21/73: [399.60]

                             Coordinates                              
----------------------------------------------------------------------
0    C               -0.4533               1.1429               0.4358
1    O               -0.3134              -0.2669               0.3330
2    H               -1.3509               1.4260               0.9908
3    H               -0.4863               1.6134              -0.5495
4    H                0.4152               1.5203               0.9719
5    H               -1.1791              -0.6418               0.1813


Energy:                 -115.794935 Convergence criteria  Is converged 
Maximum Force:             0.000741     0.002850                Yes
RMS Force:                 0.000318     0.001900                Yes
Maximum Displacement:      0.002304     0.003150                Yes
RMS Displacement:          0.000713     0.002100                Yes

RFO optimization converged at iteration 5.

----------------------------------------------------------------------
            Scanning combination 22/73: [404.60]

                             Coordinates                              
----------------------------------------------------------------------
0    C               -0.4536               1.1429               0.4350
1    O               -0.3140              -0.2672               0.3372
2    H               -1.3409               1.4281               1.0054
3    H               -0.5010               1.6118              -0.5506
4    H                0.4237               1.5202               0.9564
5    H               -1.1690              -0.6385               0.1261


Energy:                 -115.795031 Convergence criteria  Is converged 
Maximum Force:             0.000906     0.002850                Yes
RMS Force:                 0.000388     0.001900                Yes
Maximum Displacement:      0.002254     0.003150                Yes
RMS Displacement:          0.000712     0.002100                Yes

RFO optimization converged at iteration 5.

----------------------------------------------------------------------
            Scanning combination 23/73: [409.60]

                             Coordinates                              
----------------------------------------------------------------------
0    C               -0.4539               1.1429               0.4342
1    O               -0.3150              -0.2674               0.3414
2    H               -1.3307               1.4301               1.0198
3    H               -0.5156               1.6100              -0.5515
4    H                0.4320               1.5202               0.9408
5    H               -1.1551              -0.6350               0.0716


Energy:                 -115.795108 Convergence criteria  Is converged 
Maximum Force:             0.001056     0.002850                Yes
RMS Force:                 0.000455     0.001900                Yes
Maximum Displacement:      0.002197     0.003150                Yes
RMS Displacement:          0.000711     0.002100                Yes

RFO optimization converged at iteration 5.

----------------------------------------------------------------------
            Scanning combination 24/73: [414.60]

                             Coordinates                              
----------------------------------------------------------------------
0    C               -0.4539               1.1429               0.4339
1    O               -0.3162              -0.2677               0.3455
2    H               -1.3212               1.4325               1.0323
3    H               -0.5322               1.6070              -0.5523
4    H                0.4411               1.5213               0.9231
5    H               -1.1369              -0.6306               0.0157


Energy:                 -115.795165 Convergence criteria  Is converged 
Maximum Force:             0.000575     0.002850                Yes
RMS Force:                 0.000258     0.001900                Yes
Maximum Displacement:      0.002199     0.003150                Yes
RMS Displacement:          0.000713     0.002100                Yes

RFO optimization converged at iteration 5.

----------------------------------------------------------------------
            Scanning combination 25/73: [419.60]

                             Coordinates                              
----------------------------------------------------------------------
0    C               -0.4540               1.1430               0.4331
1    O               -0.3178              -0.2680               0.3495
2    H               -1.3101               1.4344               1.0466
3    H               -0.5467               1.6050              -0.5528
4    H                0.4487               1.5219               0.9076
5    H               -1.1158              -0.6263              -0.0362


Energy:                 -115.795188 Convergence criteria  Is converged 
Maximum Force:             0.000836     0.002850                Yes
RMS Force:                 0.000377     0.001900                Yes
Maximum Displacement:      0.002112     0.003150                Yes
RMS Displacement:          0.000710     0.002100                Yes

RFO optimization converged at iteration 5.

----------------------------------------------------------------------
            Scanning combination 26/73: [424.60]

                             Coordinates                              
----------------------------------------------------------------------
0    C               -0.4540               1.1430               0.4325
1    O               -0.3195              -0.2684               0.3533
2    H               -1.2989               1.4360               1.0604
3    H               -0.5616               1.6028              -0.5529
4    H                0.4561               1.5230               0.8916
5    H               -1.0910              -0.6215              -0.0872


Energy:                 -115.795181 Convergence criteria  Is converged 
Maximum Force:             0.001018     0.002850                Yes
RMS Force:                 0.000472     0.001900                Yes
Maximum Displacement:      0.002023     0.003150                Yes
RMS Displacement:          0.000708     0.002100                Yes

RFO optimization converged at iteration 5.

----------------------------------------------------------------------
            Scanning combination 27/73: [429.60]

                             Coordinates                              
----------------------------------------------------------------------
0    C               -0.4537               1.1431               0.4323
1    O               -0.3217              -0.2689               0.3571
2    H               -1.2887               1.4377               1.0723
3    H               -0.5787               1.5992              -0.5528
4    H                0.4642               1.5254               0.8738
5    H               -1.0619              -0.6156              -0.1386


Energy:                 -115.795148 Convergence criteria  Is converged 
Maximum Force:             0.000641     0.002850                Yes
RMS Force:                 0.000313     0.001900                Yes
Maximum Displacement:      0.001970     0.003150                Yes
RMS Displacement:          0.000709     0.002100                Yes

RFO optimization converged at iteration 5.

----------------------------------------------------------------------
            Scanning combination 28/73: [434.60]

                             Coordinates                              
----------------------------------------------------------------------
0    C               -0.4535               1.1431               0.4316
1    O               -0.3240              -0.2693               0.3606
2    H               -1.2769               1.4390               1.0859
3    H               -0.5938               1.5966              -0.5524
4    H                0.4710               1.5273               0.8580
5    H               -1.0304              -0.6101              -0.1858


Energy:                 -115.795081 Convergence criteria  Is converged 
Maximum Force:             0.000949     0.002850                Yes
RMS Force:                 0.000467     0.001900                Yes
Maximum Displacement:      0.001861     0.003150                Yes
RMS Displacement:          0.000705     0.002100                Yes

RFO optimization converged at iteration 5.

----------------------------------------------------------------------
            Scanning combination 29/73: [439.60]

                             Coordinates                              
----------------------------------------------------------------------
0    C               -0.4530               1.1432               0.4315
1    O               -0.3267              -0.2698               0.3641
2    H               -1.2662               1.4402               1.0976
3    H               -0.6110               1.5929              -0.5516
4    H                0.4784               1.5304               0.8402
5    H               -0.9944              -0.6035              -0.2327


Energy:                 -115.794994 Convergence criteria  Is converged 
Maximum Force:             0.000727     0.002850                Yes
RMS Force:                 0.000372     0.001900                Yes
Maximum Displacement:      0.001777     0.003150                Yes
RMS Displacement:          0.000705     0.002100                Yes

RFO optimization converged at iteration 5.

----------------------------------------------------------------------
            Scanning combination 30/73: [444.60]

                             Coordinates                              
----------------------------------------------------------------------
0    C               -0.4523               1.1433               0.4313
1    O               -0.3297              -0.2704               0.3673
2    H               -1.2550               1.4413               1.1093
3    H               -0.6282               1.5890              -0.5505
4    H                0.4853               1.5339               0.8226
5    H               -0.9554              -0.5966              -0.2770


Energy:                 -115.794887 Convergence criteria  Is converged 
Maximum Force:             0.000602     0.002850                Yes
RMS Force:                 0.000321     0.001900                Yes
Maximum Displacement:      0.001685     0.003150                Yes
RMS Displacement:          0.000704     0.002100                Yes

RFO optimization converged at iteration 5.

----------------------------------------------------------------------
            Scanning combination 31/73: [449.60]

                             Coordinates                              
----------------------------------------------------------------------
0    C               -0.4516               1.1434               0.4311
1    O               -0.3330              -0.2709               0.3703
2    H               -1.2436               1.4422               1.1209
3    H               -0.6453               1.5851              -0.5490
4    H                0.4920               1.5376               0.8050
5    H               -0.9132              -0.5897              -0.3184


Energy:                 -115.794766 Convergence criteria  Is converged 
Maximum Force:             0.000539     0.002850                Yes
RMS Force:                 0.000297     0.001900                Yes
Maximum Displacement:      0.001587     0.003150                Yes
RMS Displacement:          0.000702     0.002100                Yes

RFO optimization converged at iteration 5.

----------------------------------------------------------------------
            Scanning combination 32/73: [454.60]

                             Coordinates                              
----------------------------------------------------------------------
0    C               -0.4507               1.1436               0.4309
1    O               -0.3365              -0.2715               0.3731
2    H               -1.2319               1.4430               1.1324
3    H               -0.6626               1.5815              -0.5470
4    H                0.4983               1.5414               0.7874
5    H               -0.8680              -0.5832              -0.3567


Energy:                 -115.794642 Convergence criteria  Is converged 
Maximum Force:             0.000543     0.002850                Yes
RMS Force:                 0.000285     0.001900                Yes
Maximum Displacement:      0.001479     0.003150                Yes
RMS Displacement:          0.000700     0.002100                Yes

RFO optimization converged at iteration 5.

----------------------------------------------------------------------
            Scanning combination 33/73: [459.60]

                             Coordinates                              
----------------------------------------------------------------------
0    C               -0.4498               1.1437               0.4308
1    O               -0.3403              -0.2720               0.3756
2    H               -1.2201               1.4435               1.1437
3    H               -0.6799               1.5781              -0.5445
4    H                0.5045               1.5452               0.7698
5    H               -0.8201              -0.5771              -0.3916


Energy:                 -115.794522 Convergence criteria  Is converged 
Maximum Force:             0.000553     0.002850                Yes
RMS Force:                 0.000277     0.001900                Yes
Maximum Displacement:      0.001507     0.003150                Yes
RMS Displacement:          0.000697     0.002100                Yes

RFO optimization converged at iteration 5.

----------------------------------------------------------------------
            Scanning combination 34/73: [464.60]

                             Coordinates                              
----------------------------------------------------------------------
0    C               -0.4488               1.1438               0.4307
1    O               -0.3443              -0.2726               0.3779
2    H               -1.2080               1.4437               1.1550
3    H               -0.6973               1.5751              -0.5415
4    H                0.5103               1.5489               0.7522
5    H               -0.7695              -0.5714              -0.4230


Energy:                 -115.794417 Convergence criteria  Is converged 
Maximum Force:             0.000559     0.002850                Yes
RMS Force:                 0.000269     0.001900                Yes
Maximum Displacement:      0.001607     0.003150                Yes
RMS Displacement:          0.000694     0.002100                Yes

RFO optimization converged at iteration 5.

----------------------------------------------------------------------
            Scanning combination 35/73: [469.60]

                             Coordinates                              
----------------------------------------------------------------------
0    C               -0.4477               1.1440               0.4305
1    O               -0.3485              -0.2730               0.3800
2    H               -1.1959               1.4434               1.1661
3    H               -0.7147               1.5725              -0.5379
4    H                0.5159               1.5527               0.7345
5    H               -0.7167              -0.5661              -0.4507


Energy:                 -115.794333 Convergence criteria  Is converged 
Maximum Force:             0.000550     0.002850                Yes
RMS Force:                 0.000255     0.001900                Yes
Maximum Displacement:      0.001699     0.003150                Yes
RMS Displacement:          0.000692     0.002100                Yes

RFO optimization converged at iteration 5.

----------------------------------------------------------------------
            Scanning combination 36/73: [474.60]

                             Coordinates                              
----------------------------------------------------------------------
0    C               -0.4465               1.1441               0.4304
1    O               -0.3528              -0.2735               0.3817
2    H               -1.1835               1.4427               1.1770
3    H               -0.7322               1.5702              -0.5338
4    H                0.5213               1.5562               0.7168
5    H               -0.6619              -0.5611              -0.4745


Energy:                 -115.794278 Convergence criteria  Is converged 
Maximum Force:             0.000516     0.002850                Yes
RMS Force:                 0.000232     0.001900                Yes
Maximum Displacement:      0.001782     0.003150                Yes
RMS Displacement:          0.000689     0.002100                Yes

RFO optimization converged at iteration 5.

----------------------------------------------------------------------
            Scanning combination 37/73: [479.60]

                             Coordinates                              
----------------------------------------------------------------------
0    C               -0.4453               1.1442               0.4303
1    O               -0.3573              -0.2739               0.3832
2    H               -1.1711               1.4416               1.1879
3    H               -0.7497               1.5682              -0.5292
4    H                0.5265               1.5596               0.6990
5    H               -0.6053              -0.5564              -0.4943


Energy:                 -115.794256 Convergence criteria  Is converged 
Maximum Force:             0.000448     0.002850                Yes
RMS Force:                 0.000196     0.001900                Yes
Maximum Displacement:      0.001862     0.003150                Yes
RMS Displacement:          0.000687     0.002100                Yes

RFO optimization converged at iteration 5.

----------------------------------------------------------------------
            Scanning combination 38/73: [484.60]

                             Coordinates                              
----------------------------------------------------------------------
0    C               -0.4440               1.1442               0.4301
1    O               -0.3619              -0.2742               0.3844
2    H               -1.1585               1.4402               1.1986
3    H               -0.7672               1.5665              -0.5240
4    H                0.5314               1.5627               0.6812
5    H               -0.5475              -0.5520              -0.5099


Energy:                 -115.794268 Convergence criteria  Is converged 
Maximum Force:             0.000336     0.002850                Yes
RMS Force:                 0.000146     0.001900                Yes
Maximum Displacement:      0.001945     0.003150                Yes
RMS Displacement:          0.000686     0.002100                Yes

RFO optimization converged at iteration 5.

----------------------------------------------------------------------
            Scanning combination 39/73: [489.60]

                             Coordinates                              
----------------------------------------------------------------------
0    C               -0.4415               1.1453               0.4415
1    O               -0.3412              -0.2718               0.3919
2    H               -1.1313               1.4257               1.2374
3    H               -0.8103               1.5626              -0.4982
4    H                0.5349               1.5824               0.6554
5    H               -0.4792              -0.5458              -0.5121


Energy:                 -115.794312 Convergence criteria  Is converged 
Maximum Force:             0.000527     0.002850                Yes
RMS Force:                 0.000215     0.001900                Yes
Maximum Displacement:      0.001999     0.003150                Yes
RMS Displacement:          0.000681     0.002100                Yes

RFO optimization converged at iteration 6.

----------------------------------------------------------------------
            Scanning combination 40/73: [494.60]

                             Coordinates                              
----------------------------------------------------------------------
0    C               -0.4403               1.1453               0.4413
1    O               -0.3458              -0.2721               0.3927
2    H               -1.1179               1.4239               1.2478
3    H               -0.8271               1.5616              -0.4917
4    H                0.5389               1.5845               0.6381
5    H               -0.4200              -0.5413              -0.5203


Energy:                 -115.794387 Convergence criteria  Is converged 
Maximum Force:             0.000397     0.002850                Yes
RMS Force:                 0.000163     0.001900                Yes
Maximum Displacement:      0.002033     0.003150                Yes
RMS Displacement:          0.000682     0.002100                Yes

RFO optimization converged at iteration 4.

----------------------------------------------------------------------
            Scanning combination 41/73: [499.60]

                             Coordinates                              
----------------------------------------------------------------------
0    C               -0.4392               1.1453               0.4411
1    O               -0.3505              -0.2723               0.3931
2    H               -1.1042               1.4221               1.2581
3    H               -0.8437               1.5609              -0.4848
4    H                0.5428               1.5862               0.6208
5    H               -0.3604              -0.5372              -0.5243


Energy:                 -115.794486 Convergence criteria  Is converged 
Maximum Force:             0.000199     0.002850                Yes
RMS Force:                 0.000086     0.001900                Yes
Maximum Displacement:      0.002123     0.003150                Yes
RMS Displacement:          0.000683     0.002100                Yes

RFO optimization converged at iteration 4.

----------------------------------------------------------------------
            Scanning combination 42/73: [504.60]

                             Coordinates                              
----------------------------------------------------------------------
0    C               -0.4384               1.1453               0.4407
1    O               -0.3550              -0.2724               0.3932
2    H               -1.0891               1.4204               1.2694
3    H               -0.8590               1.5614              -0.4778
4    H                0.5462               1.5868               0.6049
5    H               -0.3021              -0.5343              -0.5237


Energy:                 -115.794600 Convergence criteria  Is converged 
Maximum Force:             0.000507     0.002850                Yes
RMS Force:                 0.000201     0.001900                Yes
Maximum Displacement:      0.002112     0.003150                Yes
RMS Displacement:          0.000681     0.002100                Yes

RFO optimization converged at iteration 5.

----------------------------------------------------------------------
            Scanning combination 43/73: [509.60]

                             Coordinates                              
----------------------------------------------------------------------
0    C               -0.4374               1.1453               0.4405
1    O               -0.3595              -0.2725               0.3929
2    H               -1.0747               1.4185               1.2798
3    H               -0.8750               1.5617              -0.4701
4    H                0.5496               1.5877               0.5883
5    H               -0.2429              -0.5317              -0.5190


Energy:                 -115.794724 Convergence criteria  Is converged 
Maximum Force:             0.000279     0.002850                Yes
RMS Force:                 0.000109     0.001900                Yes
Maximum Displacement:      0.000891     0.003150                Yes
RMS Displacement:          0.000334     0.002100                Yes

RFO optimization converged at iteration 4.

----------------------------------------------------------------------
            Scanning combination 44/73: [514.60]

                             Coordinates                              
----------------------------------------------------------------------
0    C               -0.4367               1.1453               0.4402
1    O               -0.3639              -0.2726               0.3924
2    H               -1.0592               1.4168               1.2908
3    H               -0.8901               1.5628              -0.4622
4    H                0.5526               1.5879               0.5726
5    H               -0.1852              -0.5302              -0.5101


Energy:                 -115.794845 Convergence criteria  Is converged 
Maximum Force:             0.000342     0.002850                Yes
RMS Force:                 0.000133     0.001900                Yes
Maximum Displacement:      0.002156     0.003150                Yes
RMS Displacement:          0.000680     0.002100                Yes

RFO optimization converged at iteration 5.

----------------------------------------------------------------------
            Scanning combination 45/73: [519.60]

                             Coordinates                              
----------------------------------------------------------------------
0    C               -0.4174               1.1474               0.4187
1    O               -0.3844              -0.2728               0.4123
2    H               -0.9961               1.4576               1.2865
3    H               -0.9036               1.5492              -0.4740
4    H                0.5866               1.5702               0.4928
5    H               -0.1734              -0.5615              -0.4739


Energy:                 -115.794958 Convergence criteria  Is converged 
Maximum Force:             0.000515     0.002850                Yes
RMS Force:                 0.000218     0.001900                Yes
Maximum Displacement:      0.002979     0.003150                Yes
RMS Displacement:          0.001312     0.002100                Yes

RFO optimization converged at iteration 2.

----------------------------------------------------------------------
            Scanning combination 46/73: [524.60]

                             Coordinates                              
----------------------------------------------------------------------
0    C               -0.4174               1.1473               0.4182
1    O               -0.3883              -0.2727               0.4113
2    H               -0.9776               1.4568               1.2981
3    H               -0.9157               1.5516              -0.4665
4    H                0.5885               1.5686               0.4794
5    H               -0.1196              -0.5614              -0.4592


Energy:                 -115.795054 Convergence criteria  Is converged 
Maximum Force:             0.000603     0.002850                Yes
RMS Force:                 0.000227     0.001900                Yes
Maximum Displacement:      0.001998     0.003150                Yes
RMS Displacement:          0.000684     0.002100                Yes

RFO optimization converged at iteration 4.

----------------------------------------------------------------------
            Scanning combination 47/73: [529.60]

                             Coordinates                              
----------------------------------------------------------------------
0    C               -0.4399               1.1261               0.4128
1    O               -0.3871              -0.2931               0.4110
2    H               -0.9616               1.4280               1.3186
3    H               -0.9905               1.5164              -0.4467
4    H                0.5593               1.5678               0.4222
5    H               -0.0808              -0.5806              -0.4477


Energy:                 -115.795129 Convergence criteria  Is converged 
Maximum Force:             0.000082     0.002850                Yes
RMS Force:                 0.000034     0.001900                Yes
Maximum Displacement:      0.000551     0.003150                Yes
RMS Displacement:          0.000223     0.002100                Yes

RFO optimization converged at iteration 3.

----------------------------------------------------------------------
            Scanning combination 48/73: [534.60]

                             Coordinates                              
----------------------------------------------------------------------
0    C               -0.4400               1.1261               0.4125
1    O               -0.3909              -0.2931               0.4096
2    H               -0.9428               1.4279               1.3289
3    H               -1.0023               1.5188              -0.4382
4    H                0.5604               1.5657               0.4083
5    H               -0.0284              -0.5796              -0.4273


Energy:                 -115.795174 Convergence criteria  Is converged 
Maximum Force:             0.000902     0.002850                Yes
RMS Force:                 0.000350     0.001900                Yes
Maximum Displacement:      0.001895     0.003150                Yes
RMS Displacement:          0.000686     0.002100                Yes

RFO optimization converged at iteration 4.

----------------------------------------------------------------------
            Scanning combination 49/73: [539.60]

                             Coordinates                              
----------------------------------------------------------------------
0    C               -0.4395               1.1261               0.4127
1    O               -0.3948              -0.2932               0.4078
2    H               -0.9261               1.4279               1.3377
3    H               -1.0157               1.5202              -0.4281
4    H                0.5614               1.5642               0.3919
5    H                0.0248              -0.5783              -0.4025


Energy:                 -115.795193 Convergence criteria  Is converged 
Maximum Force:             0.000625     0.002850                Yes
RMS Force:                 0.000243     0.001900                Yes
Maximum Displacement:      0.001809     0.003150                Yes
RMS Displacement:          0.000677     0.002100                Yes

RFO optimization converged at iteration 4.

----------------------------------------------------------------------
            Scanning combination 50/73: [544.60]

                             Coordinates                              
----------------------------------------------------------------------
0    C               -0.4391               1.1261               0.4129
1    O               -0.3987              -0.2934               0.4057
2    H               -0.9094               1.4286               1.3461
3    H               -1.0289               1.5210              -0.4179
4    H                0.5619               1.5629               0.3751
5    H                0.0763              -0.5765              -0.3742


Energy:                 -115.795181 Convergence criteria  Is converged 
Maximum Force:             0.000241     0.002850                Yes
RMS Force:                 0.000100     0.001900                Yes
Maximum Displacement:      0.001913     0.003150                Yes
RMS Displacement:          0.000679     0.002100                Yes

RFO optimization converged at iteration 5.

----------------------------------------------------------------------
            Scanning combination 51/73: [549.60]

                             Coordinates                              
----------------------------------------------------------------------
0    C               -0.4389               1.1261               0.4133
1    O               -0.4022              -0.2935               0.4033
2    H               -0.8918               1.4299               1.3547
3    H               -1.0410               1.5218              -0.4080
4    H                0.5622               1.5611               0.3589
5    H                0.1251              -0.5746              -0.3428


Energy:                 -115.795138 Convergence criteria  Is converged 
Maximum Force:             0.000248     0.002850                Yes
RMS Force:                 0.000098     0.001900                Yes
Maximum Displacement:      0.000787     0.003150                Yes
RMS Displacement:          0.000334     0.002100                Yes

RFO optimization converged at iteration 5.

----------------------------------------------------------------------
            Scanning combination 52/73: [554.60]

                             Coordinates                              
----------------------------------------------------------------------
0    C               -0.4388               1.1261               0.4137
1    O               -0.4056              -0.2936               0.4007
2    H               -0.8741               1.4314               1.3630
3    H               -1.0529               1.5226              -0.3980
4    H                0.5622               1.5590               0.3425
5    H                0.1716              -0.5727              -0.3082


Energy:                 -115.795068 Convergence criteria  Is converged 
Maximum Force:             0.000289     0.002850                Yes
RMS Force:                 0.000116     0.001900                Yes
Maximum Displacement:      0.000754     0.003150                Yes
RMS Displacement:          0.000334     0.002100                Yes

RFO optimization converged at iteration 5.

----------------------------------------------------------------------
            Scanning combination 53/73: [559.60]

                             Coordinates                              
----------------------------------------------------------------------
0    C               -0.4394               1.1261               0.4139
1    O               -0.4085              -0.2938               0.3980
2    H               -0.8534               1.4331               1.3723
3    H               -1.0624               1.5240              -0.3898
4    H                0.5618               1.5563               0.3292
5    H                0.2134              -0.5708              -0.2726


Energy:                 -115.794968 Convergence criteria  Is converged 
Maximum Force:             0.001562     0.002850                Yes
RMS Force:                 0.000642     0.001900                Yes
Maximum Displacement:      0.003121     0.003150                Yes
RMS Displacement:          0.001384     0.002100                Yes

RFO optimization converged at iteration 3.

----------------------------------------------------------------------
            Scanning combination 54/73: [564.60]

                             Coordinates                              
----------------------------------------------------------------------
0    C               -0.4391               1.1262               0.4146
1    O               -0.4116              -0.2939               0.3948
2    H               -0.8369               1.4351               1.3795
3    H               -1.0749               1.5246              -0.3787
4    H                0.5612               1.5540               0.3115
5    H                0.2557              -0.5692              -0.2311


Energy:                 -115.794860 Convergence criteria  Is converged 
Maximum Force:             0.001251     0.002850                Yes
RMS Force:                 0.000521     0.001900                Yes
Maximum Displacement:      0.003016     0.003150                Yes
RMS Displacement:          0.001370     0.002100                Yes

RFO optimization converged at iteration 3.

----------------------------------------------------------------------
            Scanning combination 55/73: [569.60]

                             Coordinates                              
----------------------------------------------------------------------
0    C               -0.4386               1.1262               0.4156
1    O               -0.4146              -0.2941               0.3913
2    H               -0.8212               1.4378               1.3860
3    H               -1.0878               1.5240              -0.3668
4    H                0.5599               1.5524               0.2927
5    H                0.2957              -0.5677              -0.1860


Energy:                 -115.794743 Convergence criteria  Is converged 
Maximum Force:             0.000589     0.002850                Yes
RMS Force:                 0.000245     0.001900                Yes
Maximum Displacement:      0.001599     0.003150                Yes
RMS Displacement:          0.000675     0.002100                Yes

RFO optimization converged at iteration 4.

----------------------------------------------------------------------
            Scanning combination 56/73: [574.60]

                             Coordinates                              
----------------------------------------------------------------------
0    C               -0.4386               1.1262               0.4164
1    O               -0.4171              -0.2942               0.3877
2    H               -0.8033               1.4402               1.3932
3    H               -1.0993               1.5241              -0.3560
4    H                0.5584               1.5506               0.2761
5    H                0.3309              -0.5669              -0.1399


Energy:                 -115.794619 Convergence criteria  Is converged 
Maximum Force:             0.000878     0.002850                Yes
RMS Force:                 0.000363     0.001900                Yes
Maximum Displacement:      0.001612     0.003150                Yes
RMS Displacement:          0.000677     0.002100                Yes

RFO optimization converged at iteration 4.

----------------------------------------------------------------------
            Scanning combination 57/73: [579.60]

                             Coordinates                              
----------------------------------------------------------------------
0    C               -0.4381               1.1263               0.4175
1    O               -0.4196              -0.2943               0.3837
2    H               -0.7877               1.4429               1.3993
3    H               -1.1124               1.5229              -0.3435
4    H                0.5561               1.5499               0.2573
5    H                0.3639              -0.5669              -0.0893


Energy:                 -115.794504 Convergence criteria  Is converged 
Maximum Force:             0.000303     0.002850                Yes
RMS Force:                 0.000133     0.001900                Yes
Maximum Displacement:      0.001889     0.003150                Yes
RMS Displacement:          0.000677     0.002100                Yes

RFO optimization converged at iteration 5.

----------------------------------------------------------------------
            Scanning combination 58/73: [584.60]

                             Coordinates                              
----------------------------------------------------------------------
0    C               -0.4382               1.1263               0.4183
1    O               -0.4216              -0.2943               0.3798
2    H               -0.7696               1.4451               1.4060
3    H               -1.1237               1.5227              -0.3323
4    H                0.5537               1.5487               0.2413
5    H                0.3920              -0.5673              -0.0389


Energy:                 -115.794400 Convergence criteria  Is converged 
Maximum Force:             0.000907     0.002850                Yes
RMS Force:                 0.000371     0.001900                Yes
Maximum Displacement:      0.001793     0.003150                Yes
RMS Displacement:          0.000678     0.002100                Yes

RFO optimization converged at iteration 4.

----------------------------------------------------------------------
            Scanning combination 59/73: [589.60]

                             Coordinates                              
----------------------------------------------------------------------
0    C               -0.4433               1.1255               0.4263
1    O               -0.4226              -0.2953               0.3868
2    H               -0.7142               1.4488               1.4312
3    H               -1.1802               1.5126              -0.2790
4    H                0.5311               1.5532               0.1800
5    H                0.4019              -0.5658              -0.0114


Energy:                 -115.794323 Convergence criteria  Is converged 
Maximum Force:             0.000332     0.002850                Yes
RMS Force:                 0.000142     0.001900                Yes
Maximum Displacement:      0.001910     0.003150                Yes
RMS Displacement:          0.000680     0.002100                Yes

RFO optimization converged at iteration 7.

----------------------------------------------------------------------
            Scanning combination 60/73: [594.60]

                             Coordinates                              
----------------------------------------------------------------------
0    C               -0.4391               1.1226               0.4347
1    O               -0.4257              -0.2981               0.3901
2    H               -0.6906               1.4492               1.4440
3    H               -1.1884               1.5103              -0.2567
4    H                0.5313               1.5472               0.1681
5    H                0.4226              -0.5731               0.0490


Energy:                 -115.794273 Convergence criteria  Is converged 
Maximum Force:             0.000366     0.002850                Yes
RMS Force:                 0.000153     0.001900                Yes
Maximum Displacement:      0.002039     0.003150                Yes
RMS Displacement:          0.000684     0.002100                Yes

RFO optimization converged at iteration 6.

----------------------------------------------------------------------
            Scanning combination 61/73: [599.60]

                             Coordinates                              
----------------------------------------------------------------------
0    C               -0.4346               1.1326               0.4374
1    O               -0.4343              -0.2881               0.3856
2    H               -0.6686               1.4615               1.4505
3    H               -1.1907               1.5255              -0.2431
4    H                0.5348               1.5497               0.1562
5    H                0.4334              -0.5712               0.1058


Energy:                 -115.794254 Convergence criteria  Is converged 
Maximum Force:             0.000769     0.002850                Yes
RMS Force:                 0.000301     0.001900                Yes
Maximum Displacement:      0.002015     0.003150                Yes
RMS Displacement:          0.000684     0.002100                Yes

RFO optimization converged at iteration 6.

----------------------------------------------------------------------
            Scanning combination 62/73: [604.60]

                             Coordinates                              
----------------------------------------------------------------------
0    C               -0.4342               1.1325               0.4385
1    O               -0.4356              -0.2879               0.3811
2    H               -0.6524               1.4629               1.4549
3    H               -1.2026               1.5229              -0.2291
4    H                0.5293               1.5508               0.1389
5    H                0.4489              -0.5737               0.1635


Energy:                 -115.794272 Convergence criteria  Is converged 
Maximum Force:             0.000748     0.002850                Yes
RMS Force:                 0.000293     0.001900                Yes
Maximum Displacement:      0.002058     0.003150                Yes
RMS Displacement:          0.000684     0.002100                Yes

RFO optimization converged at iteration 5.

----------------------------------------------------------------------
            Scanning combination 63/73: [609.60]

                             Coordinates                              
----------------------------------------------------------------------
0    C               -0.4337               1.1324               0.4396
1    O               -0.4366              -0.2876               0.3765
2    H               -0.6361               1.4639               1.4592
3    H               -1.2143               1.5200              -0.2150
4    H                0.5234               1.5521               0.1221
5    H                0.4603              -0.5762               0.2220


Energy:                 -115.794322 Convergence criteria  Is converged 
Maximum Force:             0.000768     0.002850                Yes
RMS Force:                 0.000300     0.001900                Yes
Maximum Displacement:      0.002084     0.003150                Yes
RMS Displacement:          0.000686     0.002100                Yes

RFO optimization converged at iteration 5.

----------------------------------------------------------------------
            Scanning combination 64/73: [614.60]

                             Coordinates                              
----------------------------------------------------------------------
0    C               -0.4333               1.1323               0.4406
1    O               -0.4372              -0.2873               0.3719
2    H               -0.6197               1.4645               1.4632
3    H               -1.2259               1.5170              -0.2007
4    H                0.5170               1.5537               0.1055
5    H                0.4674              -0.5791               0.2811


Energy:                 -115.794401 Convergence criteria  Is converged 
Maximum Force:             0.000811     0.002850                Yes
RMS Force:                 0.000316     0.001900                Yes
Maximum Displacement:      0.002097     0.003150                Yes
RMS Displacement:          0.000689     0.002100                Yes

RFO optimization converged at iteration 5.

----------------------------------------------------------------------
            Scanning combination 65/73: [619.60]

                             Coordinates                              
----------------------------------------------------------------------
0    C               -0.4329               1.1322               0.4415
1    O               -0.4376              -0.2870               0.3674
2    H               -0.6034               1.4647               1.4671
3    H               -1.2373               1.5139              -0.1862
4    H                0.5103               1.5557               0.0893
5    H                0.4702              -0.5823               0.3404


Energy:                 -115.794504 Convergence criteria  Is converged 
Maximum Force:             0.000859     0.002850                Yes
RMS Force:                 0.000334     0.001900                Yes
Maximum Displacement:      0.002097     0.003150                Yes
RMS Displacement:          0.000692     0.002100                Yes

RFO optimization converged at iteration 5.

----------------------------------------------------------------------
            Scanning combination 66/73: [624.60]

                             Coordinates                              
----------------------------------------------------------------------
0    C               -0.4326               1.1321               0.4424
1    O               -0.4376              -0.2866               0.3628
2    H               -0.5870               1.4645               1.4708
3    H               -1.2486               1.5108              -0.1715
4    H                0.5031               1.5581               0.0733
5    H                0.4686              -0.5860               0.3997


Energy:                 -115.794621 Convergence criteria  Is converged 
Maximum Force:             0.000898     0.002850                Yes
RMS Force:                 0.000348     0.001900                Yes
Maximum Displacement:      0.002086     0.003150                Yes
RMS Displacement:          0.000694     0.002100                Yes

RFO optimization converged at iteration 5.

----------------------------------------------------------------------
            Scanning combination 67/73: [629.60]

                             Coordinates                              
----------------------------------------------------------------------
0    C               -0.4323               1.1320               0.4432
1    O               -0.4373              -0.2862               0.3583
2    H               -0.5706               1.4641               1.4742
3    H               -1.2597               1.5078              -0.1566
4    H                0.4956               1.5607               0.0577
5    H                0.4627              -0.5902               0.4586


Energy:                 -115.794746 Convergence criteria  Is converged 
Maximum Force:             0.000918     0.002850                Yes
RMS Force:                 0.000356     0.001900                Yes
Maximum Displacement:      0.002063     0.003150                Yes
RMS Displacement:          0.000697     0.002100                Yes

RFO optimization converged at iteration 5.

----------------------------------------------------------------------
            Scanning combination 68/73: [634.60]

                             Coordinates                              
----------------------------------------------------------------------
0    C               -0.4321               1.1319               0.4440
1    O               -0.4367              -0.2858               0.3539
2    H               -0.5543               1.4634               1.4774
3    H               -1.2707               1.5047              -0.1415
4    H                0.4876               1.5637               0.0425
5    H                0.4526              -0.5948               0.5168


Energy:                 -115.794868 Convergence criteria  Is converged 
Maximum Force:             0.000909     0.002850                Yes
RMS Force:                 0.000353     0.001900                Yes
Maximum Displacement:      0.002032     0.003150                Yes
RMS Displacement:          0.000700     0.002100                Yes

RFO optimization converged at iteration 5.

----------------------------------------------------------------------
            Scanning combination 69/73: [639.60]

                             Coordinates                              
----------------------------------------------------------------------
0    C               -0.4319               1.1318               0.4446
1    O               -0.4357              -0.2854               0.3496
2    H               -0.5380               1.4626               1.4803
3    H               -1.2815               1.5018              -0.1262
4    H                0.4794               1.5669               0.0275
5    H                0.4383              -0.5999               0.5741


Energy:                 -115.794979 Convergence criteria  Is converged 
Maximum Force:             0.000856     0.002850                Yes
RMS Force:                 0.000334     0.001900                Yes
Maximum Displacement:      0.001996     0.003150                Yes
RMS Displacement:          0.000702     0.002100                Yes

RFO optimization converged at iteration 5.

----------------------------------------------------------------------
            Scanning combination 70/73: [644.60]

                             Coordinates                              
----------------------------------------------------------------------
0    C               -0.4318               1.1318               0.4453
1    O               -0.4344              -0.2850               0.3454
2    H               -0.5219               1.4617               1.4829
3    H               -1.2922               1.4990              -0.1106
4    H                0.4708               1.5702               0.0127
5    H                0.4200              -0.6050               0.6301


Energy:                 -115.795072 Convergence criteria  Is converged 
Maximum Force:             0.000701     0.002850                Yes
RMS Force:                 0.000279     0.001900                Yes
Maximum Displacement:      0.001937     0.003150                Yes
RMS Displacement:          0.000706     0.002100                Yes

RFO optimization converged at iteration 5.

----------------------------------------------------------------------
            Scanning combination 71/73: [649.60]

                             Coordinates                              
----------------------------------------------------------------------
0    C               -0.4323               1.1317               0.4458
1    O               -0.4328              -0.2846               0.3414
2    H               -0.5038               1.4608               1.4852
3    H               -1.3017               1.4974              -0.0964
4    H                0.4629               1.5722              -0.0001
5    H                0.3991              -0.6091               0.6828


Energy:                 -115.795137 Convergence criteria  Is converged 
Maximum Force:             0.001187     0.002850                Yes
RMS Force:                 0.000459     0.001900                Yes
Maximum Displacement:      0.001921     0.003150                Yes
RMS Displacement:          0.000706     0.002100                Yes

RFO optimization converged at iteration 5.

----------------------------------------------------------------------
            Scanning combination 72/73: [654.60]

                             Coordinates                              
----------------------------------------------------------------------
0    C               -0.4323               1.1317               0.4462
1    O               -0.4309              -0.2843               0.3375
2    H               -0.4880               1.4594               1.4872
3    H               -1.3122               1.4952              -0.0801
4    H                0.4537               1.5754              -0.0145
5    H                0.3732              -0.6140               0.7359


Energy:                 -115.795180 Convergence criteria  Is converged 
Maximum Force:             0.000838     0.002850                Yes
RMS Force:                 0.000331     0.001900                Yes
Maximum Displacement:      0.001849     0.003150                Yes
RMS Displacement:          0.000708     0.002100                Yes

RFO optimization converged at iteration 5.

----------------------------------------------------------------------
            Scanning combination 73/73: [659.60]

                             Coordinates                              
----------------------------------------------------------------------
0    C               -0.4329               1.1316               0.4466
1    O               -0.4287              -0.2840               0.3338
2    H               -0.4702               1.4581               1.4889
3    H               -1.3214               1.4941              -0.0655
4    H                0.4454               1.5774              -0.0269
5    H                0.3452              -0.6177               0.7851


Energy:                 -115.795187 Convergence criteria  Is converged 
Maximum Force:             0.001158     0.002850                Yes
RMS Force:                 0.000451     0.001900                Yes
Maximum Displacement:      0.001810     0.003150                Yes
RMS Displacement:          0.000708     0.002100                Yes

RFO optimization converged at iteration 5.

======================================================================
Scan completed! Total points: 73Results saved to: /home/axie/MAPLE/MAPLE-fork/examples/scan/rfo/methanol_oh_torsion_scan_final.xyz
Energy range: -115.795193 to -115.794253 Hartree



Program started: 2026-05-15 21:46:48

======================================================================
                      TIMING SUMMARY
======================================================================
Input Reading.......................................   0.064 s  (   0.0 %)
  Settings Parsing....................................   0.063 s  (  98.3 %)
  Coordinate Section Parsing..........................   0.000 s  (   0.5 %)
  Post-Processing Expansion...........................   0.000 s  (   0.1 %)
MLP Initialization..................................   0.235 s  (   0.1 %)
Job Dispatching..................................... 334.513 s  (  99.9 %)
  Scan................................................ 334.508 s  ( 100.0 %)
    Optimization (×73).................................. 334.482 s  ( 100.0 %)
======================================================================
Total wall time: 334.812 s
Total CPU time: 330.747 s
======================================================================

Program ended: 2026-05-15 22:07:02
TOTAL RUN TIME: 0 days 0 hours 5 minutes 34 seconds 812 msec
