
**********************************************************************
*                                                                    *
*                        M   A   P   L   E                           *
*                                                                    *
*      MAchine-learning Potential for Landscape Exploration          *
*                                                                    *
*                                                                    *
*      © 2025 University of Pittsburgh. All rights reserved.         *
*      Licensed under CC BY 4.0 for academic use.                    *
*                                                                    *
*      Principal Developer:  Xujian Wang                             *
*                                                                    *
**********************************************************************


Parsing # commands...
Global parameter: model = ANI-1xnr
Task set to 'ts'
Global parameter: device = gpu0
Parsed configuration:
----------------------------------------
Task: ts
model          : ani1xnr
method         : dimer
device         : gpu0

                             Coordinates                              
**********************************************************************

Group 1 (inline)
--------------------
1    C              0.877331             0.783158            -0.162981
2    H              0.690916             1.554058            -0.921975
3    O              0.529607             0.976229             1.123479
4    C              1.348867            -0.556387            -0.192325
5    H              0.782899            -0.242979             1.066332
6    H              1.076497            -1.294332            -0.958363
7    H              2.295125            -0.729381             0.339772

---------------------------------------------------------------
                       DIMER INITIAL STATE
---------------------------------------------------------------
Energy (initial)                        ....  -29.60726494 Eh
RMS(|F|)                                ....   0.001463 Eh/Angstrom
MAX(|F|)                                ....   0.002109 Eh/Angstrom

INITIAL COORDINATES (ANGSTROEM):
0    C            0.8773            0.7832           -0.1630
1    H            0.6909            1.5541           -0.9220
2    O            0.5296            0.9762            1.1235
3    C            1.3489           -0.5564           -0.1923
4    H            0.7829           -0.2430            1.0663
5    H            1.0765           -1.2943           -0.9584
6    H            2.2951           -0.7294            0.3398

----------------------------------------------------------------------
                           Dimer Iterations                           
----------------------------------------------------------------------

----------------------------------------------------------------------
                             Iteration: 1                                

                             Coordinates                               
----------------------------------------------------------------------
0    C            0.8774            0.7831           -0.1629
1    H            0.6911            1.5542           -0.9220
2    O            0.5295            0.9763            1.1235
3    C            1.3490           -0.5563           -0.1924
4    H            0.7828           -0.2433            1.0662
5    H            1.0762           -1.2946           -0.9581
6    H            2.2953           -0.7290            0.3396

Energy:                  -29.607265 Convergence criteria  Is converged 
Maximum Force:             0.002109     0.002850                Yes
RMS Force:                 0.001463     0.001900                Yes
Maximum Displacement:      0.000447     0.003150                Yes
RMS Displacement:          0.000293     0.002100                Yes

Trust radius (MW):  0.150000  Step norm (MW):  0.000343  On boundary: False
Curvature (kappa):         -0.980212 Eh/Å²
Max Rotational Force:       0.223625 Eh/Angstrom
RMS Rotational Force:       0.108600 Eh/Angstrom
Mode Flip:              Yes


Dimer optimization converged at iteration 1.

---------------------------------------------------------------
                 INFORMATION ABOUT SADDLE POINT                
---------------------------------------------------------------
Energy (final)                           ....  -29.60726719 Eh

-----------------------------------------
  SADDLE GUESS (ANGSTROEM)
-----------------------------------------
0    C            0.8774            0.7831           -0.1629
1    H            0.6911            1.5542           -0.9220
2    O            0.5295            0.9763            1.1235
3    C            1.3490           -0.5563           -0.1924
4    H            0.7828           -0.2433            1.0662
5    H            1.0762           -1.2946           -0.9581
6    H            2.2953           -0.7290            0.3396

Wrote Dimer trajectory to: /home/user/software/MAPLE/examples/ts/dimer/inp1_dimer_traj.xyz
Wrote TS guess to:         /home/user/software/MAPLE/examples/ts/dimer/inp1_dimer_ts.xyz



Program started: 2026-02-03 15:21:36

======================================================================
                      TIMING SUMMARY
======================================================================
Input Reading.......................................   0.012 s  (   0.5 %)
  Settings Parsing....................................   0.011 s  (  94.0 %)
  Coordinate Section Parsing..........................   0.000 s  (   2.3 %)
  Post-Processing Expansion...........................   0.000 s  (   0.0 %)
MLP Initialization..................................   0.176 s  (   7.8 %)
Job Dispatching.....................................   2.064 s  (  91.7 %)
  Transition State Optimization.......................   2.062 s  (  99.9 %)
======================================================================
Total wall time: 2.251 s
Total CPU time: 2.249 s
======================================================================

Program ended: 2026-02-03 15:21:38
TOTAL RUN TIME: 0 days 0 hours 0 minutes 2 seconds 251 msec
