
**********************************************************************
*                                                                    *
*                        M   A   P   L   E                           *
*                                                                    *
*      MAchine-learning Potential for Landscape Exploration          *
*                                                                    *
*                                                                    *
*      © 2025 University of Pittsburgh. All rights reserved.         *
*      Licensed under CC BY 4.0 for academic use.                    *
*                                                                    *
*      Principal Developer:  Xujian Wang                             *
*                                                                    *
**********************************************************************


Parsing # commands...
Global parameter: model = ANI-1xnr
Task set to 'ts'
Global parameter: device = gpu0
Parsed configuration:
----------------------------------------
Task: ts
model          : ani1xnr
method         : prfo
device         : gpu0

                             Coordinates                              
**********************************************************************

Group 1 (inline)
--------------------
1    C             -0.867500            -1.121200             0.145100
2    C              1.206300             0.088800             0.037500
3    C             -0.801200             1.803900             0.777700
4    C              1.927000            -0.523800             1.229900
5    C              2.173500             0.519400            -1.052000
6    N              0.243600            -0.900600            -0.557000
7    N             -2.008000            -1.593700            -0.419100
8    O             -1.607300             1.474300            -0.275700
9    H             -1.969800             0.587500            -0.141100
10   H              0.029000            -0.637000            -1.528700
11   H             -0.897800            -0.802100             1.184200
12   H              0.598500             0.980900             0.393000
13   H             -2.667500            -1.972100             0.264700
14   H             -1.882900            -2.254500            -1.192700
15   H             -0.428800             2.821000             0.714500
16   H             -1.018100             1.439200             1.783200
17   H              2.604600             0.208900             1.680900
18   H              1.650300             1.008400            -1.881800
19   H              2.509600            -1.398200             0.921700
20   H              1.210100            -0.836300             1.993700
21   H              2.911100             1.226100            -0.658700
22   H              2.705000            -0.355400            -1.440800

Starting Transition State Search (TS) with RS-PRFO...
Trust radius adaptation: eta_shrink=0.75, eta_expand=1.75
Convergence thresholds: f_max=0.002850, f_rms=0.001900, dp_max=0.003150, dp_rms=0.002100

----------------------------------------------------------------------
                             Iteration: 1                             


                             Coordinates                              
----------------------------------------------------------------------
0    C               -0.8698              -1.1412               0.1598
1    C                1.2138               0.0866               0.0352
2    C               -0.8072               1.8064               0.7739
3    C                1.9318              -0.5237               1.2377
4    C                2.1785               0.5244              -1.0565
5    N                0.2415              -0.8985              -0.5597
6    N               -2.0083              -1.6002              -0.4233
7    O               -1.6068               1.4916              -0.2777
8    H               -2.0539               0.6296              -0.1757
9    H                0.0170              -0.6803              -1.5297
10   H               -0.8941              -0.8715               1.2092
11   H                0.5746               1.0033               0.4039
12   H               -2.6894              -1.9473               0.2498
13   H               -1.8854              -2.2485              -1.2024
14   H               -0.4113               2.8161               0.7226
15   H               -1.0196               1.4054               1.7699
16   H                2.6104               0.2077               1.6817
17   H                1.6507               1.0091              -1.8820
18   H                2.5197              -1.3953               0.9345
19   H                1.2274              -0.8354               2.0111
20   H                2.9130               1.2293              -0.6634
21   H                2.7119              -0.3454              -1.4511


Energy:                  -72.416507 Convergence criteria  Is converged 
Maximum Force:             0.036202     0.002850                No
RMS Force:                 0.008966     0.001900                No
Maximum Displacement:      0.084072     0.003150                No
RMS Displacement:          0.019210     0.002100                No

Model change: -8.340698e-03  Actual change: -8.191526e-03  rho: 0.982
Trust radius (MW):  0.200000  Step norm (MW):  0.200000  On boundary: True

----------------------------------------------------------------------
                             Iteration: 2                             


                             Coordinates                              
----------------------------------------------------------------------
0    C               -0.8712              -1.1662               0.1679
1    C                1.2213               0.0848               0.0340
2    C               -0.8135               1.8087               0.7740
3    C                1.9402              -0.5278               1.2411
4    C                2.1812               0.5359              -1.0608
5    N                0.2355              -0.8936              -0.5591
6    N               -2.0076              -1.6082              -0.4297
7    O               -1.6089               1.5096              -0.2760
8    H               -2.1116               0.6763              -0.1774
9    H                0.0119              -0.7106              -1.5348
10   H               -0.8868              -0.9533               1.2342
11   H                0.5803               0.9981               0.4072
12   H               -2.7182              -1.9249               0.2260
13   H               -1.8916              -2.2392              -1.2229
14   H               -0.3915               2.8073               0.7355
15   H               -1.0154               1.3781               1.7597
16   H                2.6190               0.2050               1.6815
17   H                1.6450               1.0230              -1.8787
18   H                2.5318              -1.3964               0.9378
19   H                1.2433              -0.8408               2.0203
20   H                2.9125               1.2419              -0.6649
21   H                2.7187              -0.3260              -1.4663


Energy:                  -72.421154 Convergence criteria  Is converged 
Maximum Force:             0.029740     0.002850                No
RMS Force:                 0.006420     0.001900                No
Maximum Displacement:      0.081848     0.003150                No
RMS Displacement:          0.017875     0.002100                No

Model change: -4.735065e-03  Actual change: -4.646778e-03  rho: 0.981
Trust radius (MW):  0.200000  Step norm (MW):  0.200000  On boundary: True

----------------------------------------------------------------------
                             Iteration: 3                             


                             Coordinates                              
----------------------------------------------------------------------
0    C               -0.8693              -1.1932               0.1718
1    C                1.2263               0.0843               0.0369
2    C               -0.8210               1.8077               0.7769
3    C                1.9497              -0.5393               1.2392
4    C                2.1796               0.5568              -1.0583
5    N                0.2288              -0.8840              -0.5583
6    N               -2.0063              -1.6157              -0.4348
7    O               -1.6090               1.5225              -0.2785
8    H               -2.1335               0.7036              -0.1775
9    H                0.0008              -0.7035              -1.5320
10   H               -0.8780              -1.0300               1.2492
11   H                0.5884               0.9885               0.4188
12   H               -2.7360              -1.9198               0.2030
13   H               -1.9030              -2.2132              -1.2557
14   H               -0.3764               2.7964               0.7499
15   H               -1.0195               1.3564               1.7526
16   H                2.6295               0.1916               1.6816
17   H                1.6353               1.0542              -1.8645
18   H                2.5421              -1.4046               0.9282
19   H                1.2574              -0.8573               2.0202
20   H                2.9085               1.2614              -0.6552
21   H                2.7210              -0.2940              -1.4818


Energy:                  -72.423624 Convergence criteria  Is converged 
Maximum Force:             0.024456     0.002850                No
RMS Force:                 0.005201     0.001900                No
Maximum Displacement:      0.076729     0.003150                No
RMS Displacement:          0.016377     0.002100                No

Model change: -2.476231e-03  Actual change: -2.469659e-03  rho: 0.997
Trust radius (MW):  0.200000  Step norm (MW):  0.200000  On boundary: True

----------------------------------------------------------------------
                             Iteration: 4                             


                             Coordinates                              
----------------------------------------------------------------------
0    C               -0.8679              -1.2223               0.1747
1    C                1.2315               0.0847               0.0375
2    C               -0.8268               1.8074               0.7836
3    C                1.9603              -0.5448               1.2360
4    C                2.1776               0.5708              -1.0609
5    N                0.2225              -0.8772              -0.5530
6    N               -2.0047              -1.6255              -0.4405
7    O               -1.6113               1.5410              -0.2779
8    H               -2.1561               0.7355              -0.1771
9    H               -0.0047              -0.7091              -1.5286
10   H               -0.8732              -1.0989               1.2589
11   H                0.5983               0.9822               0.4246
12   H               -2.7527              -1.9233               0.1769
13   H               -1.9167              -2.1700              -1.2996
14   H               -0.3621               2.7863               0.7697
15   H               -1.0179               1.3308               1.7474
16   H                2.6432               0.1842               1.6769
17   H                1.6251               1.0745              -1.8576
18   H                2.5496              -1.4106               0.9214
19   H                1.2696              -0.8614               2.0189
20   H                2.9052               1.2753              -0.6552
21   H                2.7208              -0.2718              -1.4974


Energy:                  -72.425742 Convergence criteria  Is converged 
Maximum Force:             0.018325     0.002850                No
RMS Force:                 0.004158     0.001900                No
Maximum Displacement:      0.068820     0.003150                No
RMS Displacement:          0.016024     0.002100                No

Model change: -2.064233e-03  Actual change: -2.118051e-03  rho: 1.026
Trust radius (MW):  0.200000  Step norm (MW):  0.200000  On boundary: True

----------------------------------------------------------------------
                             Iteration: 5                             


                             Coordinates                              
----------------------------------------------------------------------
0    C               -0.8688              -1.2468               0.1777
1    C                1.2374               0.0853               0.0381
2    C               -0.8374               1.8121               0.7905
3    C                1.9713              -0.5453               1.2346
4    C                2.1781               0.5718              -1.0666
5    N                0.2178              -0.8747              -0.5421
6    N               -2.0022              -1.6348              -0.4454
7    O               -1.6137               1.5638              -0.2808
8    H               -2.1687               0.7633              -0.1901
9    H               -0.0017              -0.7318              -1.5239
10   H               -0.8787              -1.1755               1.2683
11   H                0.6107               0.9789               0.4250
12   H               -2.7668              -1.9292               0.1513
13   H               -1.9285              -2.1140              -1.3438
14   H               -0.3572               2.7829               0.7935
15   H               -1.0250               1.3089               1.7400
16   H                2.6590               0.1821               1.6709
17   H                1.6205               1.0760              -1.8593
18   H                2.5552              -1.4146               0.9200
19   H                1.2821              -0.8559               2.0209
20   H                2.9065               1.2771              -0.6640
21   H                2.7205              -0.2689              -1.5072


Energy:                  -72.427585 Convergence criteria  Is converged 
Maximum Force:             0.014619     0.002850                No
RMS Force:                 0.003490     0.001900                No
Maximum Displacement:      0.076685     0.003150                No
RMS Displacement:          0.016351     0.002100                No

Model change: -1.847045e-03  Actual change: -1.843095e-03  rho: 0.998
Trust radius (MW):  0.200000  Step norm (MW):  0.200000  On boundary: True

----------------------------------------------------------------------
                             Iteration: 6                             


                             Coordinates                              
----------------------------------------------------------------------
0    C               -0.8718              -1.2710               0.1792
1    C                1.2387               0.0853               0.0389
2    C               -0.8275               1.8286               0.7831
3    C                1.9739              -0.5347               1.2399
4    C                2.1769               0.5652              -1.0714
5    N                0.2145              -0.8791              -0.5308
6    N               -1.9988              -1.6483              -0.4517
7    O               -1.6204               1.5802              -0.2780
8    H               -2.1741               0.7812              -0.1727
9    H               -0.0003              -0.7501              -1.5160
10   H               -0.8923              -1.2450               1.2721
11   H                0.6099               0.9830               0.4192
12   H               -2.7783              -1.9383               0.1264
13   H               -1.9384              -2.0620              -1.3820
14   H               -0.3428               2.7975               0.7771
15   H               -1.0075               1.3318               1.7364
16   H                2.6651               0.1952               1.6665
17   H                1.6163               1.0630              -1.8660
18   H                2.5531              -1.4104               0.9346
19   H                1.2842              -0.8320               2.0307
20   H                2.9039               1.2754              -0.6748
21   H                2.7206              -0.2769              -1.5077


Energy:                  -72.429199 Convergence criteria  Is converged 
Maximum Force:             0.012314     0.002850                No
RMS Force:                 0.002936     0.001900                No
Maximum Displacement:      0.069493     0.003150                No
RMS Displacement:          0.015705     0.002100                No

Model change: -1.638904e-03  Actual change: -1.614630e-03  rho: 0.985
Trust radius (MW):  0.200000  Step norm (MW):  0.200000  On boundary: True

----------------------------------------------------------------------
                             Iteration: 7                             


                             Coordinates                              
----------------------------------------------------------------------
0    C               -0.8767              -1.2909               0.1783
1    C                1.2386               0.0853               0.0409
2    C               -0.8189               1.8434               0.7802
3    C                1.9787              -0.5250               1.2436
4    C                2.1743               0.5577              -1.0759
5    N                0.2116              -0.8826              -0.5214
6    N               -1.9930              -1.6644              -0.4612
7    O               -1.6260               1.5939              -0.2719
8    H               -2.1928               0.8080              -0.1430
9    H                0.0011              -0.7584              -1.5088
10   H               -0.9128              -1.2814               1.2696
11   H                0.6102               0.9851               0.4160
12   H               -2.7865              -1.9559               0.0955
13   H               -1.9515              -1.9795              -1.4320
14   H               -0.3270               2.8088               0.7647
15   H               -0.9913               1.3502               1.7360
16   H                2.6763               0.2062               1.6573
17   H                1.6107               1.0500              -1.8719
18   H                2.5507              -1.4078               0.9458
19   H                1.2921              -0.8077               2.0422
20   H                2.9023               1.2709              -0.6867
21   H                2.7167              -0.2872              -1.5084


Energy:                  -72.430537 Convergence criteria  Is converged 
Maximum Force:             0.012022     0.002850                No
RMS Force:                 0.002811     0.001900                No
Maximum Displacement:      0.082504     0.003150                No
RMS Displacement:          0.017074     0.002100                No

Model change: -1.354593e-03  Actual change: -1.337528e-03  rho: 0.987
Trust radius (MW):  0.200000  Step norm (MW):  0.200000  On boundary: True

----------------------------------------------------------------------
                             Iteration: 8                             


                             Coordinates                              
----------------------------------------------------------------------
0    C               -0.8819              -1.3028               0.1777
1    C                1.2406               0.0849               0.0459
2    C               -0.8274               1.8525               0.7887
3    C                1.9934              -0.5240               1.2419
4    C                2.1692               0.5532              -1.0803
5    N                0.2108              -0.8851              -0.5117
6    N               -1.9887              -1.6782              -0.4699
7    O               -1.6250               1.6089              -0.2752
8    H               -2.2498               0.8710              -0.1134
9    H                0.0110              -0.7747              -1.5046
10   H               -0.9246              -1.3084               1.2682
11   H                0.6188               0.9799               0.4228
12   H               -2.7914              -1.9743               0.0695
13   H               -1.9655              -1.8930              -1.4671
14   H               -0.3128               2.8062               0.7765
15   H               -1.0049               1.3500               1.7375
16   H                2.7013               0.2048               1.6423
17   H                1.6003               1.0440              -1.8734
18   H                2.5550              -1.4127               0.9423
19   H                1.3140              -0.7962               2.0502
20   H                2.9021               1.2662              -0.7001
21   H                2.7059              -0.2944              -1.5146


Energy:                  -72.431479 Convergence criteria  Is converged 
Maximum Force:             0.011705     0.002850                No
RMS Force:                 0.002412     0.001900                No
Maximum Displacement:      0.086500     0.003150                No
RMS Displacement:          0.018849     0.002100                No

Model change: -9.887906e-04  Actual change: -9.424090e-04  rho: 0.953
Trust radius (MW):  0.200000  Step norm (MW):  0.200000  On boundary: True

----------------------------------------------------------------------
                             Iteration: 9                             


                             Coordinates                              
----------------------------------------------------------------------
0    C               -0.8844              -1.3188               0.1788
1    C                1.2417               0.0836               0.0515
2    C               -0.8394               1.8579               0.7997
3    C                2.0063              -0.5230               1.2410
4    C                2.1636               0.5461              -1.0839
5    N                0.2095              -0.8890              -0.5027
6    N               -1.9868              -1.6858              -0.4786
7    O               -1.6197               1.6317              -0.2824
8    H               -2.2700               0.9160              -0.1335
9    H                0.0067              -0.7719              -1.4950
10   H               -0.9222              -1.3568               1.2693
11   H                0.6253               0.9750               0.4296
12   H               -2.7950              -1.9899               0.0477
13   H               -1.9808              -1.8162              -1.4886
14   H               -0.3026               2.7984               0.8025
15   H               -1.0269               1.3381               1.7368
16   H                2.7266               0.2023               1.6254
17   H                1.5908               1.0375              -1.8737
18   H                2.5556              -1.4195               0.9417
19   H                1.3346              -0.7812               2.0605
20   H                2.9037               1.2566              -0.7127
21   H                2.6922              -0.3054              -1.5206


Energy:                  -72.432089 Convergence criteria  Is converged 
Maximum Force:             0.008281     0.002850                No
RMS Force:                 0.001744     0.001900                Yes
Maximum Displacement:      0.076802     0.003150                No
RMS Displacement:          0.016678     0.002100                No

Model change: -5.449892e-04  Actual change: -6.098151e-04  rho: 1.119
Trust radius (MW):  0.200000  Step norm (MW):  0.200000  On boundary: True

----------------------------------------------------------------------
                            Iteration: 10                             


                             Coordinates                              
----------------------------------------------------------------------
0    C               -0.8800              -1.3385               0.1829
1    C                1.2398               0.0832               0.0539
2    C               -0.8453               1.8456               0.8059
3    C                2.0126              -0.5173               1.2405
4    C                2.1547               0.5504              -1.0857
5    N                0.2103              -0.8944              -0.4971
6    N               -1.9889              -1.6817              -0.4781
7    O               -1.6104               1.6501              -0.2952
8    H               -2.2962               0.9627              -0.1676
9    H                0.0009              -0.7656              -1.4869
10   H               -0.8953              -1.4423               1.2735
11   H                0.6193               0.9727               0.4335
12   H               -2.7970              -1.9927               0.0446
13   H               -1.9949              -1.7715              -1.4898
14   H               -0.3049               2.7830               0.8419
15   H               -1.0471               1.2995               1.7252
16   H                2.7331               0.2112               1.6180
17   H                1.5766               1.0386              -1.8737
18   H                2.5623              -1.4136               0.9416
19   H                1.3453              -0.7732               2.0639
20   H                2.8924               1.2649              -0.7179
21   H                2.6859              -0.2986              -1.5240


Energy:                  -72.432562 Convergence criteria  Is converged 
Maximum Force:             0.008494     0.002850                No
RMS Force:                 0.001654     0.001900                Yes
Maximum Displacement:      0.085469     0.003150                No
RMS Displacement:          0.017750     0.002100                No

Model change: -5.155074e-04  Actual change: -4.730225e-04  rho: 0.918
Trust radius (MW):  0.200000  Step norm (MW):  0.200000  On boundary: True

----------------------------------------------------------------------
                            Iteration: 11                             


                             Coordinates                              
----------------------------------------------------------------------
0    C               -0.8779              -1.3569               0.1817
1    C                1.2378               0.0832               0.0564
2    C               -0.8385               1.8648               0.8018
3    C                2.0105              -0.5175               1.2420
4    C                2.1518               0.5493              -1.0848
5    N                0.2070              -0.8935              -0.4957
6    N               -1.9850              -1.6964              -0.4827
7    O               -1.6106               1.6597              -0.2930
8    H               -2.3683               1.0527              -0.1233
9    H               -0.0120              -0.7462              -1.4813
10   H               -0.8920              -1.4798               1.2683
11   H                0.6219               0.9746               0.4322
12   H               -2.7762              -2.0605               0.0357
13   H               -1.9934              -1.7586              -1.4959
14   H               -0.2763               2.7889               0.8213
15   H               -1.0292               1.3218               1.7243
16   H                2.7343               0.2094               1.6166
17   H                1.5724               1.0409              -1.8697
18   H                2.5566              -1.4164               0.9444
19   H                1.3431              -0.7685               2.0668
20   H                2.8928               1.2610              -0.7180
21   H                2.6789              -0.3005              -1.5266


Energy:                  -72.433291 Convergence criteria  Is converged 
Maximum Force:             0.008024     0.002850                No
RMS Force:                 0.002052     0.001900                No
Maximum Displacement:      0.089961     0.003150                No
RMS Displacement:          0.019866     0.002100                No

Model change: -9.219030e-04  Actual change: -7.289052e-04  rho: 0.791
Trust radius (MW):  0.200000  Step norm (MW):  0.200000  On boundary: True

----------------------------------------------------------------------
                            Iteration: 12                             


                             Coordinates                              
----------------------------------------------------------------------
0    C               -0.8694              -1.3901               0.1794
1    C                1.2320               0.0839               0.0567
2    C               -0.8306               1.8647               0.8041
3    C                2.0055              -0.5047               1.2471
4    C                2.1451               0.5481              -1.0861
5    N                0.2061              -0.8995              -0.4955
6    N               -1.9893              -1.6937              -0.4825
7    O               -1.6035               1.6776              -0.2965
8    H               -2.3525               1.0694              -0.1336
9    H               -0.0257              -0.7278              -1.4748
10   H               -0.8672              -1.5562               1.2611
11   H                0.6096               0.9788               0.4264
12   H               -2.7682              -2.0881               0.0303
13   H               -2.0147              -1.7097              -1.4981
14   H               -0.2762               2.7934               0.8463
15   H               -1.0241               1.3026               1.7148
16   H                2.7297               0.2263               1.6127
17   H                1.5648               1.0353              -1.8731
18   H                2.5510              -1.4069               0.9589
19   H                1.3390              -0.7455               2.0757
20   H                2.8843               1.2631              -0.7222
21   H                2.6742              -0.3022              -1.5248


Energy:                  -72.433816 Convergence criteria  Is converged 
Maximum Force:             0.004766     0.002850                No
RMS Force:                 0.001117     0.001900                Yes
Maximum Displacement:      0.076395     0.003150                No
RMS Displacement:          0.015693     0.002100                No

Model change: -5.296916e-04  Actual change: -5.253553e-04  rho: 0.992
Trust radius (MW):  0.200000  Step norm (MW):  0.200000  On boundary: True

----------------------------------------------------------------------
                            Iteration: 13                             


                             Coordinates                              
----------------------------------------------------------------------
0    C               -0.8601              -1.4164               0.1780
1    C                1.2299               0.0846               0.0581
2    C               -0.8409               1.8679               0.8125
3    C                2.0058              -0.5061               1.2459
4    C                2.1414               0.5466              -1.0871
5    N                0.2028              -0.8980              -0.4959
6    N               -1.9897              -1.6998              -0.4769
7    O               -1.5944               1.7049              -0.3049
8    H               -2.3405               1.0845              -0.1724
9    H               -0.0417              -0.7062              -1.4684
10   H               -0.8409              -1.6199               1.2533
11   H                0.6103               0.9776               0.4290
12   H               -2.7570              -2.1200               0.0324
13   H               -2.0300              -1.6812              -1.4915
14   H               -0.2831               2.7928               0.8829
15   H               -1.0417               1.2788               1.7044
16   H                2.7381               0.2203               1.6045
17   H                1.5608               1.0360              -1.8725
18   H                2.5425              -1.4139               0.9586
19   H                1.3420              -0.7372               2.0795
20   H                2.8847               1.2586              -0.7256
21   H                2.6658              -0.3055              -1.5279


Energy:                  -72.434125 Convergence criteria  Is converged 
Maximum Force:             0.003293     0.002850                No
RMS Force:                 0.000845     0.001900                Yes
Maximum Displacement:      0.063678     0.003150                No
RMS Displacement:          0.014854     0.002100                No

Model change: -3.158562e-04  Actual change: -3.082752e-04  rho: 0.976
Trust radius (MW):  0.200000  Step norm (MW):  0.200000  On boundary: True

----------------------------------------------------------------------
                            Iteration: 14                             


                             Coordinates                              
----------------------------------------------------------------------
0    C               -0.8575              -1.4359               0.1754
1    C                1.2199               0.0846               0.0595
2    C               -0.8171               1.8678               0.8085
3    C                1.9972              -0.5009               1.2484
4    C                2.1289               0.5540              -1.0839
5    N                0.1989              -0.9011              -0.4967
6    N               -1.9874              -1.7199              -0.4766
7    O               -1.5867               1.7296              -0.3064
8    H               -2.3068               1.0796              -0.1794
9    H               -0.0520              -0.6983              -1.4650
10   H               -0.8316              -1.6543               1.2467
11   H                0.5882               0.9820               0.4328
12   H               -2.7508              -2.1477               0.0312
13   H               -2.0387              -1.6745              -1.4894
14   H               -0.2845               2.8074               0.9028
15   H               -1.0313               1.2755               1.6952
16   H                2.7270               0.2292               1.6045
17   H                1.5466               1.0428              -1.8684
18   H                2.5369              -1.4073               0.9628
19   H                1.3345              -0.7316               2.0827
20   H                2.8685               1.2687              -0.7199
21   H                2.6577              -0.2944              -1.5265


Energy:                  -72.434427 Convergence criteria  Is converged 
Maximum Force:             0.002763     0.002850                Yes
RMS Force:                 0.000761     0.001900                Yes
Maximum Displacement:      0.034449     0.003150                No
RMS Displacement:          0.011504     0.002100                No

Model change: -3.284058e-04  Actual change: -3.027320e-04  rho: 0.922
Trust radius (MW):  0.200000  Step norm (MW):  0.200000  On boundary: True

----------------------------------------------------------------------
                            Iteration: 15                             


                             Coordinates                              
----------------------------------------------------------------------
0    C               -0.8559              -1.4475               0.1695
1    C                1.2150               0.0852               0.0564
2    C               -0.7934               1.8840               0.8022
3    C                1.9826              -0.4916               1.2549
4    C                2.1299               0.5469              -1.0844
5    N                0.1952              -0.8997              -0.5005
6    N               -1.9830              -1.7389              -0.4833
7    O               -1.5947               1.7391              -0.2903
8    H               -2.2864               1.0618              -0.1508
9    H               -0.0572              -0.6924              -1.4673
10   H               -0.8260              -1.6745               1.2390
11   H                0.5823               0.9909               0.4221
12   H               -2.7433              -2.1750               0.0220
13   H               -2.0407              -1.6738              -1.4944
14   H               -0.2663               2.8283               0.8780
15   H               -0.9888               1.3021               1.7005
16   H                2.7123               0.2398               1.6080
17   H                1.5510               1.0327              -1.8733
18   H                2.5213              -1.4025               0.9816
19   H                1.3146              -0.7120               2.0880
20   H                2.8684               1.2626              -0.7203
21   H                2.6596              -0.3044              -1.5206


Energy:                  -72.434702 Convergence criteria  Is converged 
Maximum Force:             0.002358     0.002850                Yes
RMS Force:                 0.000592     0.001900                Yes
Maximum Displacement:      0.042527     0.003150                No
RMS Displacement:          0.013264     0.002100                No

Model change: -2.753834e-04  Actual change: -2.742410e-04  rho: 0.996
Trust radius (MW):  0.200000  Step norm (MW):  0.200000  On boundary: True

----------------------------------------------------------------------
                            Iteration: 16                             


                             Coordinates                              
----------------------------------------------------------------------
0    C               -0.8556              -1.4561               0.1641
1    C                1.2092               0.0857               0.0540
2    C               -0.7656               1.8974               0.7924
3    C                1.9684              -0.4831               1.2611
4    C                2.1297               0.5417              -1.0837
5    N                0.1914              -0.8979              -0.5039
6    N               -1.9784              -1.7568              -0.4906
7    O               -1.6033               1.7453              -0.2734
8    H               -2.2656               1.0436              -0.1179
9    H               -0.0618              -0.6872              -1.4697
10   H               -0.8231              -1.6879               1.2326
11   H                0.5725               1.0004               0.4137
12   H               -2.7373              -2.1974               0.0129
13   H               -2.0407              -1.6765              -1.5001
14   H               -0.2480               2.8489               0.8493
15   H               -0.9441               1.3322               1.7046
16   H                2.6968               0.2506               1.6122
17   H                1.5536               1.0249              -1.8762
18   H                2.5077              -1.3964               0.9977
19   H                1.2963              -0.6965               2.0927
20   H                2.8663               1.2587              -0.7186
21   H                2.6608              -0.3115              -1.5142


Energy:                  -72.434910 Convergence criteria  Is converged 
Maximum Force:             0.001894     0.002850                Yes
RMS Force:                 0.000528     0.001900                Yes
Maximum Displacement:      0.044663     0.003150                No
RMS Displacement:          0.013225     0.002100                No

Model change: -2.238922e-04  Actual change: -2.087355e-04  rho: 0.932
Trust radius (MW):  0.200000  Step norm (MW):  0.200000  On boundary: True

----------------------------------------------------------------------
                            Iteration: 17                             


                             Coordinates                              
----------------------------------------------------------------------
0    C               -0.8583              -1.4657               0.1647
1    C                1.2010               0.0836               0.0575
2    C               -0.7511               1.9054               0.7914
3    C                1.9645              -0.4867               1.2605
4    C                2.1129               0.5543              -1.0804
5    N                0.1843              -0.8977              -0.5015
6    N               -1.9738              -1.7837              -0.4931
7    O               -1.5876               1.7657              -0.2772
8    H               -2.2266               1.0393              -0.1423
9    H               -0.0665              -0.6919              -1.4689
10   H               -0.8265              -1.6940               1.2340
11   H                0.5666               0.9983               0.4250
12   H               -2.7302              -2.2303               0.0085
13   H               -2.0381              -1.6935              -1.5013
14   H               -0.2354               2.8573               0.8599
15   H               -0.9383               1.3368               1.6993
16   H                2.6893               0.2494               1.6139
17   H                1.5304               1.0388              -1.8674
18   H                2.5080              -1.3962               0.9928
19   H                1.2940              -0.7064               2.0916
20   H                2.8454               1.2746              -0.7131
21   H                2.6492              -0.2914              -1.5194


Energy:                  -72.435023 Convergence criteria  Is converged 
Maximum Force:             0.001142     0.002850                Yes
RMS Force:                 0.000351     0.001900                Yes
Maximum Displacement:      0.039041     0.003150                No
RMS Displacement:          0.011661     0.002100                No

Model change: -1.187844e-04  Actual change: -1.129508e-04  rho: 0.951
Trust radius (MW):  0.200000  Step norm (MW):  0.200000  On boundary: True

----------------------------------------------------------------------
                            Iteration: 18                             


                             Coordinates                              
----------------------------------------------------------------------
0    C               -0.8601              -1.4695               0.1644
1    C                1.1977               0.0832               0.0600
2    C               -0.7462               1.9099               0.7929
3    C                1.9624              -0.4919               1.2596
4    C                2.1068               0.5589              -1.0779
5    N                0.1790              -0.8941              -0.5005
6    N               -1.9711              -1.7967              -0.4956
7    O               -1.5787               1.7754              -0.2796
8    H               -2.2040               1.0353              -0.1599
9    H               -0.0722              -0.6875              -1.4674
10   H               -0.8287              -1.6976               1.2339
11   H                0.5655               0.9984               0.4323
12   H               -2.7273              -2.2447               0.0048
13   H               -2.0360              -1.7015              -1.5033
14   H               -0.2308               2.8616               0.8670
15   H               -0.9408               1.3406               1.6990
16   H                2.6877               0.2428               1.6149
17   H                1.5229               1.0474              -1.8614
18   H                2.5053              -1.4006               0.9881
19   H                1.2926              -0.7140               2.0907
20   H                2.8411               1.2768              -0.7091
21   H                2.6413              -0.2849              -1.5224


Energy:                  -72.435031 Convergence criteria  Is converged 
Maximum Force:             0.000948     0.002850                Yes
RMS Force:                 0.000243     0.001900                Yes
Maximum Displacement:      0.022622     0.003150                No
RMS Displacement:          0.006069     0.002100                No

Model change: -6.343165e-06  Actual change: -7.331371e-06  rho: 1.156
Trust radius (MW):  0.100000  Step norm (MW):  0.100000  On boundary: True

----------------------------------------------------------------------
                            Iteration: 19                             


                             Coordinates                              
----------------------------------------------------------------------
0    C               -0.8618              -1.4657               0.1642
1    C                1.1986               0.0822               0.0599
2    C               -0.7453               1.9110               0.7914
3    C                1.9636              -0.4914               1.2601
4    C                2.1078               0.5586              -1.0777
5    N                0.1814              -0.8970              -0.5004
6    N               -1.9715              -1.7933              -0.4978
7    O               -1.5823               1.7706              -0.2770
8    H               -2.2173               1.0410              -0.1445
9    H               -0.0658              -0.6953              -1.4694
10   H               -0.8349              -1.6869               1.2352
11   H                0.5657               0.9968               0.4311
12   H               -2.7302              -2.2371               0.0025
13   H               -2.0323              -1.7047              -1.5064
14   H               -0.2261               2.8613               0.8563
15   H               -0.9364               1.3477               1.7019
16   H                2.6870               0.2449               1.6162
17   H                1.5237               1.0459              -1.8618
18   H                2.5088              -1.3988               0.9887
19   H                1.2935              -0.7154               2.0904
20   H                2.8408               1.2776              -0.7088
21   H                2.6437              -0.2848              -1.5216


Energy:                  -72.435036 Convergence criteria  Is converged 
Maximum Force:             0.000855     0.002850                Yes
RMS Force:                 0.000218     0.001900                Yes
Maximum Displacement:      0.015314     0.003150                No
RMS Displacement:          0.004194     0.002100                No

Model change: -6.402128e-06  Actual change: -5.543232e-06  rho: 0.866
Trust radius (MW):  0.050000  Step norm (MW):  0.050000  On boundary: True

----------------------------------------------------------------------
                            Iteration: 20                             


                             Coordinates                              
----------------------------------------------------------------------
0    C               -0.8611              -1.4676               0.1642
1    C                1.1982               0.0828               0.0599
2    C               -0.7455               1.9109               0.7919
3    C                1.9628              -0.4916               1.2600
4    C                2.1077               0.5583              -1.0778
5    N                0.1800              -0.8952              -0.5005
6    N               -1.9712              -1.7953              -0.4970
7    O               -1.5809               1.7729              -0.2778
8    H               -2.2094               1.0367              -0.1520
9    H               -0.0698              -0.6901              -1.4680
10   H               -0.8320              -1.6924               1.2344
11   H                0.5658               0.9979               0.4314
12   H               -2.7288              -2.2411               0.0033
13   H               -2.0340              -1.7032              -1.5051
14   H               -0.2284               2.8621               0.8606
15   H               -0.9375               1.3450               1.7005
16   H                2.6873               0.2437               1.6156
17   H                1.5240               1.0464              -1.8617
18   H                2.5066              -1.3998               0.9887
19   H                1.2927              -0.7144               2.0907
20   H                2.8415               1.2765              -0.7089
21   H                2.6426              -0.2855              -1.5218


Energy:                  -72.435037 Convergence criteria  Is converged 
Maximum Force:             0.000816     0.002850                Yes
RMS Force:                 0.000201     0.001900                Yes
Maximum Displacement:      0.007913     0.003150                No
RMS Displacement:          0.002197     0.002100                No

Model change: -5.037802e-07  Actual change: -7.748604e-07  rho: 1.538
Trust radius (MW):  0.025000  Step norm (MW):  0.025000  On boundary: True

----------------------------------------------------------------------
                            Iteration: 21                             


                             Coordinates                              
----------------------------------------------------------------------
0    C               -0.8609              -1.4681               0.1642
1    C                1.1981               0.0829               0.0599
2    C               -0.7455               1.9109               0.7919
3    C                1.9625              -0.4917               1.2599
4    C                2.1077               0.5583              -1.0778
5    N                0.1797              -0.8948              -0.5005
6    N               -1.9711              -1.7957              -0.4968
7    O               -1.5807               1.7734              -0.2779
8    H               -2.2070               1.0352              -0.1540
9    H               -0.0709              -0.6886              -1.4676
10   H               -0.8313              -1.6938               1.2343
11   H                0.5658               0.9982               0.4314
12   H               -2.7284              -2.2419               0.0035
13   H               -2.0344              -1.7028              -1.5048
14   H               -0.2290               2.8623               0.8615
15   H               -0.9377               1.3444               1.7002
16   H                2.6874               0.2434               1.6155
17   H                1.5240               1.0465              -1.8617
18   H                2.5061              -1.4001               0.9886
19   H                1.2925              -0.7142               2.0907
20   H                2.8417               1.2763              -0.7090
21   H                2.6424              -0.2857              -1.5219


Energy:                  -72.435037 Convergence criteria  Is converged 
Maximum Force:             0.000795     0.002850                Yes
RMS Force:                 0.000193     0.001900                Yes
Maximum Displacement:      0.002349     0.003150                Yes
RMS Displacement:          0.000587     0.002100                Yes

Model change: -1.184100e-07  Actual change: -1.192093e-07  rho: 1.007
Trust radius (MW):  0.006250  Step norm (MW):  0.006250  On boundary: True


----------------------------------------------------------------------
                          Normal Termination                          




Program started: 2026-02-03 14:49:22

======================================================================
                      TIMING SUMMARY
======================================================================
Input Reading (×11).................................   0.017 s  (   0.1 %)
  Settings Parsing (×11)..............................   0.013 s  (  71.8 %)
  Coordinate Section Parsing (×11)....................   0.002 s  (  14.1 %)
  Post-Processing Expansion (×11).....................   0.000 s  (   0.1 %)
MLP Initialization (×11)............................   0.810 s  (   4.3 %)
Job Dispatching (×11)............................... 1271.060 s  (6807.7 %)
  Frequency Calculation (×4)..........................   1.438 s  (   0.1 %)
  Transition State Optimization (×7).................. 1269.620 s  (  99.9 %)
======================================================================
Total wall time: 18.671 s
Total CPU time: 18.723 s
======================================================================

Program ended: 2026-02-03 14:49:41
TOTAL RUN TIME: 0 days 0 hours 0 minutes 18 seconds 671 msec
