
**********************************************************************
*                                                                    *
*                        M   A   P   L   E                           *
*                                                                    *
*      MAchine-learning Potential for Landscape Exploration          *
*                                                                    *
*                                                                    *
*      © 2025 University of Pittsburgh. All rights reserved.         *
*      Licensed under CC BY 4.0 for academic use.                    *
*                                                                    *
*      Principal Developer:  Xujian Wang                             *
*                                                                    *
**********************************************************************


Parsing # commands...
Global parameter: model = ANI-1xnr
Task set to 'irc'
Global parameter: device = gpu0
Parsed configuration:
----------------------------------------
Task: irc
model          : ani1xnr
method         : eulerpc
step_length_bohr: 0.1
device         : gpu0

                             Coordinates                              
**********************************************************************

[INFO] EulerPC-IRC: Selected negative eigenmode #1 with λ = -6.112938e-01 (MW basis)

         *************************************************************
         *                    FORWARD EulerPC-IRC                    *
         *************************************************************

Iteration    E(Eh)      dE(kcal/mol)  max(|G|)   RMS(G) 
Convergence thresholds                0.002850  0.001900
    0      -29.607559     -0.130394    0.010456  0.004569
    1      -29.608879     -0.958485    0.022206  0.010813
    2      -29.611014     -2.297934    0.035556  0.016743
    3      -29.614261     -4.335967    0.054882  0.024311
    4      -29.618816     -7.193834    0.070416  0.031457
    5      -29.624412    -10.705917    0.086290  0.038173
    6      -29.631099    -14.902008    0.106003  0.044805
    7      -29.638567    -19.587903    0.112674  0.047454
    8      -29.645888    -24.182143    0.105892  0.046501
    9      -29.652801    -28.520139    0.101867  0.045501
   10      -29.659312    -32.605752    0.102869  0.043717
   11      -29.665380    -36.413333    0.100785  0.041754
   12      -29.671096    -40.000053    0.096044  0.039687
   13      -29.676452    -43.361283    0.089956  0.036718
   14      -29.681120    -46.290337    0.082335  0.033067
   15      -29.685239    -48.875278    0.076612  0.029502
   16      -29.688825    -51.125281    0.072454  0.026195
   17      -29.691972    -53.099945    0.068523  0.023250
   18      -29.694752    -54.844518    0.065239  0.020918
   19      -29.697220    -56.393027    0.061842  0.019128
   20      -29.699453    -57.794526    0.057305  0.017456
   21      -29.701461    -59.054316    0.052141  0.015826
   22      -29.703302    -60.210081    0.047262  0.014338
   23      -29.704999    -61.274443    0.042264  0.012857
   24      -29.706518    -62.228179    0.036186  0.011094
   25      -29.707810    -63.038438    0.029151  0.009002
   26      -29.708822    -63.673532    0.021706  0.006786
   27      -29.709523    -64.113273    0.013571  0.004737
   28      -29.709837    -64.310683    0.015394  0.004576
   29      -29.709931    -64.369349    0.007124  0.002533
   30      -29.709980    -64.400505    0.005209  0.001586
   31      -29.709975    -64.397270    0.003315  0.001876

                      *************************************************
                      ***          THE EulerPC-IRC HAS CONVERGED        ***
                      *************************************************


         *************************************************************
         *                    BACKWARD EulerPC-IRC                   *
         *************************************************************

Iteration    E(Eh)      dE(kcal/mol)  max(|G|)   RMS(G) 
Convergence thresholds                0.002850  0.001900
    0      -29.607604     -0.158465    0.014370  0.005674
    1      -29.609712     -1.481344    0.041367  0.016855
    2      -29.613528     -3.875757    0.051445  0.022815
    3      -29.617989     -6.674940    0.059667  0.024682
    4      -29.622477     -9.491272    0.066207  0.025846
    5      -29.626987    -12.321153    0.073466  0.027184
    6      -29.631542    -15.179890    0.080181  0.028511
    7      -29.636026    -17.993454    0.080683  0.028550
    8      -29.640230    -20.631367    0.078802  0.028081
    9      -29.644152    -23.092468    0.075390  0.027209
   10      -29.647809    -25.387251    0.072331  0.026296
   11      -29.651234    -27.536584    0.068025  0.025106
   12      -29.654354    -29.494716    0.061284  0.023336
   13      -29.657153    -31.251146    0.053298  0.021192
   14      -29.659688    -32.841453    0.045866  0.019112
   15      -29.661972    -34.275136    0.042174  0.017336
   16      -29.664038    -35.571198    0.039969  0.015905
   17      -29.665946    -36.768320    0.037536  0.014680
   18      -29.667719    -37.881427    0.035041  0.013601
   19      -29.669370    -38.917065    0.032521  0.012564
   20      -29.670892    -39.872483    0.029982  0.011546
   21      -29.672291    -40.750403    0.027387  0.010515
   22      -29.673575    -41.555679    0.024622  0.009434
   23      -29.674727    -42.278930    0.021758  0.008357
   24      -29.675752    -42.922085    0.018888  0.007302
   25      -29.676667    -43.496316    0.016106  0.006300
   26      -29.677456    -43.991197    0.013429  0.005343
   27      -29.678131    -44.414490    0.010763  0.004440
   28      -29.678701    -44.772526    0.007801  0.003648
   29      -29.679161    -45.061104    0.008703  0.003455
   30      -29.679547    -45.303575    0.008950  0.003110
   31      -29.679864    -45.502360    0.006928  0.002689
   32      -29.680104    -45.653120    0.006537  0.003093
   33      -29.680309    -45.781233    0.004644  0.002095
   34      -29.680444    -45.865996    0.004171  0.001821
   35      -29.680546    -45.930132    0.003312  0.001108
   36      -29.680568    -45.944299    0.003322  0.001125
   37      -29.680582    -45.952817    0.006206  0.001796
   38      -29.680603    -45.965749    0.002307  0.000863

                      *************************************************
                      ***          THE EulerPC-IRC HAS CONVERGED        ***
                      *************************************************


---------------------------------------------------------------
                       EulerPC-IRC PATH SUMMARY           
---------------------------------------------------------------
All forces are in Eh/Å.

Step        E(Eh)      dE(kcal/mol)  max(|G|)   RMS(G) 
   1      -29.709975      0.000000    0.003315  0.001876
   2      -29.709980     -0.003235    0.005209  0.001586
   3      -29.709931      0.027921    0.007124  0.002533
   4      -29.709837      0.086587    0.015394  0.004576
   5      -29.709523      0.283997    0.013571  0.004737
   6      -29.708822      0.723738    0.021706  0.006786
   7      -29.707810      1.358832    0.029151  0.009002
   8      -29.706518      2.169091    0.036186  0.011094
   9      -29.704999      3.122827    0.042264  0.012857
  10      -29.703302      4.187189    0.047262  0.014338
  11      -29.701461      5.342954    0.052141  0.015826
  12      -29.699453      6.602744    0.057305  0.017456
  13      -29.697220      8.004243    0.061842  0.019128
  14      -29.694752      9.552752    0.065239  0.020918
  15      -29.691972     11.297325    0.068523  0.023250
  16      -29.688825     13.271989    0.072454  0.026195
  17      -29.685239     15.521992    0.076612  0.029502
  18      -29.681120     18.106933    0.082335  0.033067
  19      -29.676452     21.035987    0.089956  0.036718
  20      -29.671096     24.397216    0.096044  0.039687
  21      -29.665380     27.983937    0.100785  0.041754
  22      -29.659312     31.791518    0.102869  0.043717
  23      -29.652801     35.877131    0.101867  0.045501
  24      -29.645888     40.215127    0.105892  0.046501
  25      -29.638567     44.809367    0.112674  0.047454
  26      -29.631099     49.495262    0.106003  0.044805
  27      -29.624412     53.691353    0.086290  0.038173
  28      -29.618816     57.203436    0.070416  0.031457
  29      -29.614261     60.061303    0.054882  0.024311
  30      -29.611014     62.099336    0.035556  0.016743
  31      -29.608879     63.438785    0.022206  0.010813
  32      -29.607559     64.266875    0.010456  0.004569 <= TS
  33      -29.607604     64.238805    0.014370  0.005674
  34      -29.609712     62.915926    0.041367  0.016855
  35      -29.613528     60.521513    0.051445  0.022815
  36      -29.617989     57.722330    0.059667  0.024682
  37      -29.622477     54.905998    0.066207  0.025846
  38      -29.626987     52.076117    0.073466  0.027184
  39      -29.631542     49.217380    0.080181  0.028511
  40      -29.636026     46.403816    0.080683  0.028550
  41      -29.640230     43.765903    0.078802  0.028081
  42      -29.644152     41.304802    0.075390  0.027209
  43      -29.647809     39.010019    0.072331  0.026296
  44      -29.651234     36.860686    0.068025  0.025106
  45      -29.654354     34.902554    0.061284  0.023336
  46      -29.657153     33.146124    0.053298  0.021192
  47      -29.659688     31.555817    0.045866  0.019112
  48      -29.661972     30.122133    0.042174  0.017336
  49      -29.664038     28.826072    0.039969  0.015905
  50      -29.665946     27.628950    0.037536  0.014680
  51      -29.667719     26.515843    0.035041  0.013601
  52      -29.669370     25.480205    0.032521  0.012564
  53      -29.670892     24.524787    0.029982  0.011546
  54      -29.672291     23.646867    0.027387  0.010515
  55      -29.673575     22.841591    0.024622  0.009434
  56      -29.674727     22.118340    0.021758  0.008357
  57      -29.675752     21.475185    0.018888  0.007302
  58      -29.676667     20.900954    0.016106  0.006300
  59      -29.677456     20.406073    0.013429  0.005343
  60      -29.678131     19.982779    0.010763  0.004440
  61      -29.678701     19.624744    0.007801  0.003648
  62      -29.679161     19.336165    0.008703  0.003455
  63      -29.679547     19.093695    0.008950  0.003110
  64      -29.679864     18.894910    0.006928  0.002689
  65      -29.680104     18.744150    0.006537  0.003093
  66      -29.680309     18.616037    0.004644  0.002095
  67      -29.680444     18.531273    0.004171  0.001821
  68      -29.680546     18.467138    0.003312  0.001108
  69      -29.680568     18.452971    0.003322  0.001125
  70      -29.680582     18.444453    0.006206  0.001796
  71      -29.680603     18.431521    0.002307  0.000863

[INFO] EulerPC-IRC forward trajectory written to: /home/user/software/MAPLE/examples/irc/eulerpc/inp1_forward.xyz
[INFO] EulerPC-IRC backward trajectory written to: /home/user/software/MAPLE/examples/irc/eulerpc/inp1_backward.xyz
[INFO] EulerPC-IRC full trajectory written to: /home/user/software/MAPLE/examples/irc/eulerpc/inp1_full.xyz



Program started: 2026-02-04 09:46:47

======================================================================
                      TIMING SUMMARY
======================================================================
Input Reading.......................................   0.015 s  (   0.2 %)
  Settings Parsing....................................   0.014 s  (  93.4 %)
  Coordinate Section Parsing..........................   0.000 s  (   2.5 %)
  Post-Processing Expansion...........................   0.000 s  (   0.0 %)
MLP Initialization..................................   0.195 s  (   2.5 %)
Job Dispatching.....................................   7.697 s  (  97.3 %)
  IRC Calculation.....................................   7.696 s  ( 100.0 %)
======================================================================
Total wall time: 7.907 s
Total CPU time: 7.862 s
======================================================================

Program ended: 2026-02-04 09:46:55
TOTAL RUN TIME: 0 days 0 hours 0 minutes 7 seconds 907 msec
