
**********************************************************************
*                                                                    *
*                        M   A   P   L   E                           *
*                                                                    *
*      MAchine-learning Potential for Landscape Exploration          *
*                                                                    *
*                                                                    *
*      © 2025 University of Pittsburgh. All rights reserved.         *
*      Licensed under CC BY 4.0 for academic use.                    *
*                                                                    *
*      Principal Developer:  Xujian Wang                             *
*                                                                    *
**********************************************************************


Parsing # commands...
Global parameter: model = macepol-m
Task set to 'opt'
Global parameter: device = cpu
Parsed configuration:
----------------------------------------
Task: opt
model          : macepolm
method         : lbfgs
device         : cpu

                             Coordinates                              
**********************************************************************

Group 1 (inline)
--------------------
1    O              0.000000             0.000000             0.117790
2    H              0.000000             0.755450            -0.471160
3    H              0.000000            -0.755450            -0.471160

======================================================================
LBFGS Parameters
======================================================================
memory:     5
curvature:  70.0
max_step:   0.2
max_iter:   256
write_traj: False
traj_every: 1
verbose:    1
======================================================================


----------------------------------------------------------------------
                             Iteration: 1                             


                             Coordinates                              
----------------------------------------------------------------------
0    O                0.0000               0.0000               0.1159
1    H               -0.0000               0.7523              -0.4702
2    H               -0.0000              -0.7523              -0.4702


Energy:                  -76.439981 Convergence criteria  Is converged 
Maximum Force:             0.409741     0.002850  No
RMS Force:                 0.436697     0.001900  No
Maximum Displacement:      0.003162     0.003150  No
RMS Displacement:          0.002905     0.002100  No

----------------------------------------------------------------------
                             Iteration: 2                             


                             Coordinates                              
----------------------------------------------------------------------
0    O               -0.0000              -0.0000               0.1186
1    H                0.0000               0.7593              -0.4716
2    H                0.0000              -0.7593              -0.4716


Energy:                  -76.440115 Convergence criteria  Is converged 
Maximum Force:             0.079441     0.002850  No
RMS Force:                 0.066507     0.001900  No
Maximum Displacement:      0.007043     0.003150  No
RMS Displacement:          0.006050     0.002100  No

----------------------------------------------------------------------
                             Iteration: 3                             


                             Coordinates                              
----------------------------------------------------------------------
0    O               -0.0000              -0.0000               0.1179
1    H                0.0000               0.7604              -0.4712
2    H                0.0000              -0.7604              -0.4712


Energy:                  -76.440124 Convergence criteria  Is converged 
Maximum Force:             0.076445     0.002850  No
RMS Force:                 0.057018     0.001900  No
Maximum Displacement:      0.001089     0.003150  Yes
RMS Displacement:          0.001018     0.002100  Yes

----------------------------------------------------------------------
                             Iteration: 4                             


                             Coordinates                              
----------------------------------------------------------------------
0    O                0.0000               0.0000               0.1151
1    H               -0.0000               0.7631              -0.4698
2    H               -0.0000              -0.7631              -0.4698


Energy:                  -76.440133 Convergence criteria  Is converged 
Maximum Force:             0.002157     0.002850  Yes
RMS Force:                 0.002139     0.001900  No
Maximum Displacement:      0.002760     0.003150  Yes
RMS Displacement:          0.002956     0.002100  No

----------------------------------------------------------------------
                             Iteration: 5                             


                             Coordinates                              
----------------------------------------------------------------------
0    O                0.0000              -0.0001               0.1151
1    H               -0.0000               0.7632              -0.4698
2    H               -0.0000              -0.7631              -0.4698


Energy:                  -76.440124 Convergence criteria  Is converged 
Maximum Force:             0.008929     0.002850  No
RMS Force:                 0.006938     0.001900  No
Maximum Displacement:      0.000093     0.003150  Yes
RMS Displacement:          0.000075     0.002100  Yes

----------------------------------------------------------------------
                             Iteration: 6                             


                             Coordinates                              
----------------------------------------------------------------------
0    O                0.0000              -0.0000               0.1151
1    H               -0.0000               0.7631              -0.4698
2    H               -0.0000              -0.7631              -0.4698


Energy:                  -76.440133 Convergence criteria  Is converged 
Maximum Force:             0.000259     0.002850  Yes
RMS Force:                 0.000242     0.001900  Yes
Maximum Displacement:      0.000075     0.003150  Yes
RMS Displacement:          0.000059     0.002100  Yes

----------------------------------------------------------------------
                             Iteration: 6                             


                             Coordinates                              
----------------------------------------------------------------------
0    O                0.0000              -0.0000               0.1151
1    H               -0.0000               0.7631              -0.4698
2    H               -0.0000              -0.7631              -0.4698


Energy:                  -76.440133 Convergence criteria  Is converged 
Maximum Force:             0.000259     0.002850  Yes
RMS Force:                 0.000242     0.001900  Yes
Maximum Displacement:      0.000075     0.003150  Yes
RMS Displacement:          0.000059     0.002100  Yes

LBFGS converged at iteration 6. Final frame written to /home/user/software/MAPLE/examples/opt/macepol/inp2_opt.xyz
Complete trajectory written to /home/user/software/MAPLE/examples/opt/macepol/inp2_traj.xyz



Program started: 2026-03-26 18:09:19

======================================================================
                      TIMING SUMMARY
======================================================================
Input Reading (×2)..................................   0.001 s  (   0.1 %)
  Settings Parsing (×2)...............................   0.000 s  (  24.2 %)
  Coordinate Section Parsing (×2).....................   0.000 s  (  23.3 %)
  Post-Processing Expansion (×2)......................   0.000 s  (   0.4 %)
MLP Initialization (×2).............................   0.877 s  (  37.0 %)
Job Dispatching (×2)................................   2.733 s  ( 115.5 %)
  Optimization (×2)...................................   2.732 s  ( 100.0 %)
======================================================================
Total wall time: 2.367 s
Total CPU time: 2.367 s
======================================================================

Program ended: 2026-03-26 18:09:21
TOTAL RUN TIME: 0 days 0 hours 0 minutes 2 seconds 366 msec
