
**********************************************************************
*                                                                    *
*                        M   A   P   L   E                           *
*                                                                    *
*      MAchine-learning Potential for Landscape Exploration          *
*                                                                    *
*                                                                    *
*      © 2025 University of Pittsburgh. All rights reserved.         *
*      Licensed under CC BY 4.0 for academic use.                    *
*                                                                    *
*      Principal Developer:  Xujian Wang                             *
*                                                                    *
**********************************************************************


Parsing # commands...
Global parameter: model = macepol-l
Task set to 'opt'
Global parameter: device = cpu
Parsed configuration:
----------------------------------------
Task: opt
model          : macepoll
method         : lbfgs
device         : cpu

                             Coordinates                              
**********************************************************************

Group 1 (inline)
--------------------
1    O              0.000000             0.000000             0.117790
2    H              0.000000             0.755450            -0.471160
3    H              0.000000            -0.755450            -0.471160

======================================================================
LBFGS Parameters
======================================================================
memory:     5
curvature:  70.0
max_step:   0.2
max_iter:   256
write_traj: False
traj_every: 1
verbose:    1
======================================================================


----------------------------------------------------------------------
                             Iteration: 1                             


                             Coordinates                              
----------------------------------------------------------------------
0    O                0.0000              -0.0000               0.1159
1    H               -0.0000               0.7523              -0.4702
2    H               -0.0000              -0.7523              -0.4702


Energy:                  -76.435423 Convergence criteria  Is converged 
Maximum Force:             0.403287     0.002850  No
RMS Force:                 0.427538     0.001900  No
Maximum Displacement:      0.003166     0.003150  No
RMS Displacement:          0.002908     0.002100  No

----------------------------------------------------------------------
                             Iteration: 2                             


                             Coordinates                              
----------------------------------------------------------------------
0    O               -0.0000              -0.0000               0.1186
1    H                0.0000               0.7595              -0.4716
2    H                0.0000              -0.7595              -0.4716


Energy:                  -76.435576 Convergence criteria  Is converged 
Maximum Force:             0.078280     0.002850  No
RMS Force:                 0.065185     0.001900  No
Maximum Displacement:      0.007211     0.003150  No
RMS Displacement:          0.006187     0.002100  No

----------------------------------------------------------------------
                             Iteration: 3                             


                             Coordinates                              
----------------------------------------------------------------------
0    O               -0.0000              -0.0000               0.1179
1    H                0.0000               0.7606              -0.4712
2    H                0.0000              -0.7606              -0.4712


Energy:                  -76.435576 Convergence criteria  Is converged 
Maximum Force:             0.073230     0.002850  No
RMS Force:                 0.054550     0.001900  No
Maximum Displacement:      0.001105     0.003150  Yes
RMS Displacement:          0.001036     0.002100  Yes

----------------------------------------------------------------------
                             Iteration: 4                             


                             Coordinates                              
----------------------------------------------------------------------
0    O               -0.0000              -0.0000               0.1153
1    H                0.0000               0.7631              -0.4699
2    H               -0.0000              -0.7631              -0.4699


Energy:                  -76.435576 Convergence criteria  Is converged 
Maximum Force:             0.002783     0.002850  Yes
RMS Force:                 0.002375     0.001900  No
Maximum Displacement:      0.002595     0.003150  Yes
RMS Displacement:          0.002752     0.002100  No

----------------------------------------------------------------------
                             Iteration: 5                             


                             Coordinates                              
----------------------------------------------------------------------
0    O               -0.0000               0.0001               0.1153
1    H                0.0001               0.7630              -0.4698
2    H               -0.0000              -0.7631              -0.4700


Energy:                  -76.435576 Convergence criteria  Is converged 
Maximum Force:             0.011721     0.002850  No
RMS Force:                 0.009056     0.001900  No
Maximum Displacement:      0.000124     0.003150  Yes
RMS Displacement:          0.000098     0.002100  Yes

----------------------------------------------------------------------
                             Iteration: 6                             


                             Coordinates                              
----------------------------------------------------------------------
0    O               -0.0000              -0.0000               0.1153
1    H                0.0001               0.7631              -0.4699
2    H               -0.0000              -0.7631              -0.4699


Energy:                  -76.435576 Convergence criteria  Is converged 
Maximum Force:             0.000298     0.002850  Yes
RMS Force:                 0.000321     0.001900  Yes
Maximum Displacement:      0.000100     0.003150  Yes
RMS Displacement:          0.000078     0.002100  Yes

----------------------------------------------------------------------
                             Iteration: 6                             


                             Coordinates                              
----------------------------------------------------------------------
0    O               -0.0000              -0.0000               0.1153
1    H                0.0001               0.7631              -0.4699
2    H               -0.0000              -0.7631              -0.4699


Energy:                  -76.435576 Convergence criteria  Is converged 
Maximum Force:             0.000298     0.002850  Yes
RMS Force:                 0.000321     0.001900  Yes
Maximum Displacement:      0.000100     0.003150  Yes
RMS Displacement:          0.000078     0.002100  Yes

LBFGS converged at iteration 6. Final frame written to /home/user/software/MAPLE/examples/opt/macepol/inp3_opt.xyz
Complete trajectory written to /home/user/software/MAPLE/examples/opt/macepol/inp3_traj.xyz



Program started: 2026-03-26 18:09:21

======================================================================
                      TIMING SUMMARY
======================================================================
Input Reading (×3)..................................   0.002 s  (   0.0 %)
  Settings Parsing (×3)...............................   0.000 s  (  24.9 %)
  Coordinate Section Parsing (×3).....................   0.000 s  (  24.7 %)
  Post-Processing Expansion (×3)......................   0.000 s  (   0.4 %)
MLP Initialization (×3).............................   1.407 s  (  29.6 %)
Job Dispatching (×3)................................   6.957 s  ( 146.3 %)
  Optimization (×3)...................................   6.957 s  ( 100.0 %)
======================================================================
Total wall time: 4.755 s
Total CPU time: 4.755 s
======================================================================

Program ended: 2026-03-26 18:09:26
TOTAL RUN TIME: 0 days 0 hours 0 minutes 4 seconds 755 msec
