
**********************************************************************
*                                                                    *
*                        M   A   P   L   E                           *
*                                                                    *
*      MAchine-learning Potential for Landscape Exploration          *
*                                                                    *
*                                                                    *
*      © 2025 University of Pittsburgh. All rights reserved.         *
*      Licensed under CC BY 4.0 for academic use.                    *
*                                                                    *
*      Principal Developer:  Xujian Wang                             *
*                                                                    *
**********************************************************************


Parsing # commands...
Global parameter: model = aimnet2nse
Task set to 'ts'
Global parameter: device = gpu0
Parsed configuration:
----------------------------------------
Task: ts
model          : aimnet2nse
method         : autoneb
device         : gpu0

                             Coordinates                              
**********************************************************************

======================================================================
AutoNEB Parameters
======================================================================
n_images:            20
ang_max:             0.3 Angstrom
ang_iter:            20
path_iter:           50
min_e_drop:          0.001 Eh
ep_iter:             30
ep_e_drop:           0.0005 Eh
autoneb_f_max_th:    0.0095
autoneb_f_rms_th:    0.005
max_depth:           5
max_paths:           10
do_final_refine:     True
final_refine_factor: 2.0
final_refine_max_iter: 200
======================================================================


======================================================================
Starting AutoNEB Optimization
======================================================================

Initialized root path with 22 images.
Energy range: -424.939498 to -424.759596 Eh

----------------------------------------------------------------------
Optimizing path: root (depth=0, images=22)
----------------------------------------------------------------------
  Iter   10  HEI=9  dE=0.128257  max|Fp|=0.035567  RMS(Fp)=0.007928
  Iter   20  HEI=9  dE=0.117287  max|Fp|=0.022741  RMS(Fp)=0.003438

[Path root] Adaptive insertion: adding 6 image(s)
  Iter   30  HEI=12  dE=0.114011  max|Fp|=0.024758  RMS(Fp)=0.004524
  Iter   40  HEI=11  dE=0.109562  max|Fp|=0.016394  RMS(Fp)=0.002319

[Path root] Adaptive insertion: adding 3 image(s)
  Iter   50  HEI=12  dE=0.112719  max|Fp|=0.039244  RMS(Fp)=0.003259
  Iter   60  HEI=12  dE=0.111615  max|Fp|=0.019578  RMS(Fp)=0.002946
  Iter   70  HEI=12  dE=0.110516  max|Fp|=0.015808  RMS(Fp)=0.002315
  Iter   80  HEI=12  dE=0.110362  max|Fp|=0.015592  RMS(Fp)=0.001930

[Path root] Adaptive insertion: adding 10 image(s)
  Iter   90  HEI=17  dE=0.110981  max|Fp|=0.036248  RMS(Fp)=0.004012

[Path root] Updated start point to index 1, energy: -424.933064 Eh
  Iter  100  HEI=16  dE=0.110843  max|Fp|=0.021631  RMS(Fp)=0.001691
  Iter  110  HEI=16  dE=0.109863  max|Fp|=0.013683  RMS(Fp)=0.001653

[Path root] Converged after 116 iterations.

[Path root] Summary:
  Images: 40, Iterations: 116
  HEI index: 16
  Forward barrier: 68.29 kcal/mol
  Reaction energy: -4.04 kcal/mol

All paths converged!

======================================================================
AutoNEB Tree Optimization Complete
======================================================================
Total global iterations: 118
Total paths: 1
Intermediates found: 0

======================================================================
Starting Final Global MEP Refinement
======================================================================
Final refinement: 40 images
Convergence: f_max < 0.019000, f_rms < 0.010000
Max iterations: 200
  Refine Iter    1  HEI=16  dE=0.108820  max|Fp|=0.009476  RMS(Fp)=0.001430

Final refinement converged after 1 iterations.

Wrote global MEP to: /home/user/software/MAPLE/examples/ts/autoneb/inp1_autoneb_global_mep.xyz
Wrote transition states to: /home/user/software/MAPLE/examples/ts/autoneb/inp1_autoneb_ts_list.xyz
Wrote path tree to: /home/user/software/MAPLE/examples/ts/autoneb/inp1_autoneb_tree.json

Global MEP Summary:
  Total images: 40
  Energy range: -424.942915 to -424.824245 Eh
  Overall barrier: 68.29 kcal/mol



Program started: 2026-02-03 14:46:16

======================================================================
                      TIMING SUMMARY
======================================================================
Input Reading (×7)..................................   0.015 s  (   0.0 %)
  Settings Parsing (×7)...............................   0.012 s  (  78.7 %)
  Coordinate Section Parsing (×7).....................   0.002 s  (  11.1 %)
  Post-Processing Expansion (×7)......................   0.000 s  (   0.1 %)
MLP Initialization (×7).............................   0.512 s  (   0.4 %)
Job Dispatching (×7)................................ 1186.572 s  ( 989.3 %)
  Frequency Calculation (×4)..........................   1.438 s  (   0.1 %)
  Transition State Optimization (×3).................. 1185.132 s  (  99.9 %)
======================================================================
Total wall time: 119.935 s
Total CPU time: 120.150 s
======================================================================

Program ended: 2026-02-03 14:48:16
TOTAL RUN TIME: 0 days 0 hours 1 minutes 59 seconds 935 msec
