
**********************************************************************
*                                                                    *
*                        M   A   P   L   E                           *
*                                                                    *
*      MAchine-learning Potential for Landscape Exploration          *
*                                                                    *
*                                                                    *
*      © 2025 University of Pittsburgh. All rights reserved.         *
*      Licensed under CC BY 4.0 for academic use.                    *
*                                                                    *
*      Principal Developer:  Xujian Wang                             *
*                                                                    *
**********************************************************************


Parsing # commands...
Global parameter: model = ANI-2x
Task set to 'sp'
Parsed configuration:
----------------------------------------
Task: sp
model          : ani2x
verbose        : 0

                             Coordinates                              
**********************************************************************

Group 1 (inline)
--------------------
1    C             -0.778126            -1.067561             0.321059
2    C              1.302553             0.052120            -0.028299
3    C             -0.971993             1.456249             0.823657
4    C              1.981229            -0.418433             1.250175
5    C              2.264033             0.435168            -1.133107
6    N              0.291164            -0.876821            -0.500399
7    N             -2.019163            -1.372006            -0.233112
8    O             -1.664734             1.630223            -0.401837
9    H             -2.258632             0.870139            -0.475899
10   H              0.027849            -0.678312            -1.458495
11   H             -0.609759            -1.367856             1.341178
12   H              0.681264             0.918300             0.286941
13   H             -2.573263            -2.057361             0.257412
14   H             -2.052428            -1.504542            -1.233823
15   H             -0.368993             2.351392             0.991747
16   H             -1.639609             1.294215             1.674653
17   H              2.764449             0.291462             1.522846
18   H              1.725114             0.730695            -2.037794
19   H              2.435593            -1.406098             1.134215
20   H              1.273005            -0.447224             2.080579
21   H              2.850345             1.298697            -0.814322
22   H              2.960009            -0.368806            -1.388910

Charge: 0, Multiplicity: 1
Energy: -383.4722385600 Hartree



Program started: 2026-05-24 11:55:56

======================================================================
                      TIMING SUMMARY
======================================================================
Input Reading.......................................   0.003 s  (   0.9 %)
  Settings Parsing....................................   0.000 s  (  16.5 %)
  Coordinate Section Parsing..........................   0.001 s  (  25.7 %)
  Post-Processing Expansion...........................   0.000 s  (   0.2 %)
MLP Initialization..................................   0.141 s  (  51.6 %)
Job Dispatching.....................................   0.129 s  (  47.4 %)
  Single Point Energy Calculation.....................   0.128 s  (  99.4 %)
======================================================================
Total wall time: 0.273 s
Total CPU time: 0.326 s
======================================================================

Program ended: 2026-05-24 11:55:56
TOTAL RUN TIME: 0 days 0 hours 0 minutes 0 seconds 272 msec
