
**********************************************************************
*                                                                    *
*                        M   A   P   L   E                           *
*                                                                    *
*      MAchine-learning Potential for Landscape Exploration          *
*                                                                    *
*                                                                    *
*      © 2025 University of Pittsburgh. All rights reserved.         *
*      Licensed under CC BY 4.0 for academic use.                    *
*                                                                    *
*      Principal Developer:  Xujian Wang                             *
*                                                                    *
**********************************************************************


Parsing # commands...
Global parameter: model = ANI-2x
Task set to 'sp'
Parsed configuration:
----------------------------------------
Task: sp
model          : ani2x
verbose        : 1

                             Coordinates                              
**********************************************************************

Group 1 (inline)
--------------------
1    C             -1.455453            -0.627030             0.654723
2    C              0.231729             1.272185             0.584946
3    C             -0.643045            -1.599042            -0.291535
4    C              2.268071             0.199740            -0.578626
5    C             -0.231171             2.078484            -0.578904
6    C              2.811584            -0.663478             0.549364
7    N             -0.408797             0.325658             1.191036
8    N             -2.514160            -0.032597            -0.074666
9    O             -0.126274            -0.890739            -1.298383
10   H              1.205737            -0.022373            -0.776235
11   H              0.056412            -0.042624             2.013659
12   H             -1.827532            -1.130391             1.551518
13   H              1.092672             1.641747             1.129771
14   H             -2.959454             0.760600             0.361834
15   H             -2.233803             0.146037            -1.031105
16   H             -1.380960            -2.381593            -0.576652
17   H              0.095243            -2.110336             0.374223
18   H              2.520431             1.256395            -0.451153
19   H              2.713041            -0.104128            -1.530916
20   H             -1.062095             2.711954            -0.251269
21   H              0.577804             2.723453            -0.915439
22   H             -0.547867             1.440055            -1.396311
23   H              2.526998            -1.706627             0.401141
24   H              2.437062            -0.364108             1.537053
25   H              3.902370            -0.620897             0.608113

Charge: 0, Multiplicity: 1
Energy: -422.7704770897 Hartree

Gradients (Hartree/Angstrom):
  Gradient = -Force
  Atom  El        Gx              Gy              Gz
  1    C      -0.05770182     -0.01205516      0.00680851
  2    C       0.00930812     -0.10270032      0.00426321
  3    C       0.03247017      0.00061435     -0.04645534
  4    C      -0.02516028      0.02676046      0.03774109
  5    C      -0.00523255      0.01747608     -0.03150713
  6    C       0.00490772     -0.00877849     -0.00623948
  7    N       0.06222739      0.04225528     -0.03392233
  8    N       0.01714832      0.01359312      0.01024715
  9    O       0.00841100      0.01848266      0.01955314
  10   H      -0.01310769     -0.00307317     -0.00701579
  11   H      -0.00555896      0.00490435     -0.01151592
  12   H       0.00070112      0.00804412      0.00384326
  13   H      -0.00841571      0.00897714      0.00336398
  14   H      -0.00815080     -0.00482430     -0.00174751
  15   H       0.00271550     -0.01286130      0.00017130
  16   H      -0.00699503      0.00160723      0.01873896
  17   H      -0.00681104      0.00015999      0.01208065
  18   H       0.00881032      0.00129803     -0.00237941
  19   H      -0.01050933      0.00045786     -0.00105530
  20   H       0.00723115     -0.00600956      0.00798216
  21   H      -0.00591694     -0.00691533      0.00551579
  22   H       0.00146298      0.00756657      0.00771960
  23   H       0.00036751      0.00851515      0.00003646
  24   H       0.00260174     -0.00329159      0.00298672
  25   H      -0.00480290     -0.00020315      0.00078621



Program started: 2026-05-24 11:55:58

======================================================================
                      TIMING SUMMARY
======================================================================
Input Reading.......................................   0.001 s  (   0.3 %)
  Settings Parsing....................................   0.000 s  (  14.6 %)
  Coordinate Section Parsing..........................   0.000 s  (  24.8 %)
  Post-Processing Expansion...........................   0.000 s  (   0.4 %)
MLP Initialization..................................   0.138 s  (  28.6 %)
Job Dispatching.....................................   0.342 s  (  71.1 %)
  Single Point Energy Calculation.....................   0.341 s  (  99.8 %)
======================================================================
Total wall time: 0.481 s
Total CPU time: 0.809 s
======================================================================

Program ended: 2026-05-24 11:55:59
TOTAL RUN TIME: 0 days 0 hours 0 minutes 0 seconds 481 msec
