
**********************************************************************
*                                                                    *
*                        M   A   P   L   E                           *
*                                                                    *
*      MAchine-learning Potential for Landscape Exploration          *
*                                                                    *
*                                                                    *
*      © 2025 University of Pittsburgh. All rights reserved.         *
*      Licensed under CC BY 4.0 for academic use.                    *
*                                                                    *
*      Principal Developer:  Xujian Wang                             *
*                                                                    *
**********************************************************************


Parsing # commands...
Global parameter: model = ANI-2x
Task set to 'sp'
Global parameter: d4 = True
Parsed configuration:
----------------------------------------
Task: sp
model          : ani2x
verbose        : 1
d4             : True

                             Coordinates                              
**********************************************************************

Group 1 (inline)
--------------------
1    C             -1.455453            -0.627030             0.654723
2    C              0.231729             1.272185             0.584946
3    C             -0.643045            -1.599042            -0.291535
4    C              2.268071             0.199740            -0.578626
5    C             -0.231171             2.078484            -0.578904
6    C              2.811584            -0.663478             0.549364
7    N             -0.408797             0.325658             1.191036
8    N             -2.514160            -0.032597            -0.074666
9    O             -0.126274            -0.890739            -1.298383
10   H              1.205737            -0.022373            -0.776235
11   H              0.056412            -0.042624             2.013659
12   H             -1.827532            -1.130391             1.551518
13   H              1.092672             1.641747             1.129771
14   H             -2.959454             0.760600             0.361834
15   H             -2.233803             0.146037            -1.031105
16   H             -1.380960            -2.381593            -0.576652
17   H              0.095243            -2.110336             0.374223
18   H              2.520431             1.256395            -0.451153
19   H              2.713041            -0.104128            -1.530916
20   H             -1.062095             2.711954            -0.251269
21   H              0.577804             2.723453            -0.915439
22   H             -0.547867             1.440055            -1.396311
23   H              2.526998            -1.706627             0.401141
24   H              2.437062            -0.364108             1.537053
25   H              3.902370            -0.620897             0.608113

Charge: 0, Multiplicity: 1
Energy: -422.7740406672 Hartree

Gradients (Hartree/Angstrom):
  Gradient = -Force
  Atom  El        Gx              Gy              Gz
  1    C      -0.05774327     -0.01209602      0.00682822
  2    C       0.00932224     -0.10265531      0.00427335
  3    C       0.03242885      0.00054213     -0.04643019
  4    C      -0.02509504      0.02678070      0.03771050
  5    C      -0.00524712      0.01756145     -0.03154696
  6    C       0.00499734     -0.00881155     -0.00620523
  7    N       0.06220667      0.04226389     -0.03387378
  8    N       0.01703610      0.01356584      0.01024890
  9    O       0.00841538      0.01845807      0.01950152
  10   H      -0.01309903     -0.00308018     -0.00701243
  11   H      -0.00556505      0.00490358     -0.01150369
  12   H       0.00067770      0.00804313      0.00384401
  13   H      -0.00841968      0.00898907      0.00336832
  14   H      -0.00817535     -0.00480372     -0.00173705
  15   H       0.00270804     -0.01286179      0.00015821
  16   H      -0.00700854      0.00159671      0.01872815
  17   H      -0.00682137      0.00015202      0.01206676
  18   H       0.00883655      0.00129437     -0.00238298
  19   H      -0.01048078      0.00045340     -0.00106021
  20   H       0.00722615     -0.00599019      0.00798155
  21   H      -0.00591901     -0.00688714      0.00550922
  22   H       0.00145836      0.00757683      0.00772453
  23   H       0.00040013      0.00851195      0.00003581
  24   H       0.00263491     -0.00329777      0.00298577
  25   H      -0.00477421     -0.00020943      0.00078770



Program started: 2026-05-24 11:56:00

======================================================================
                      TIMING SUMMARY
======================================================================
Input Reading.......................................   0.001 s  (   0.2 %)
  Settings Parsing....................................   0.000 s  (  16.3 %)
  Coordinate Section Parsing..........................   0.000 s  (  23.1 %)
  Post-Processing Expansion...........................   0.000 s  (   0.4 %)
MLP Initialization..................................   0.111 s  (  18.7 %)
Job Dispatching.....................................   0.482 s  (  81.1 %)
  Single Point Energy Calculation.....................   0.481 s  (  99.9 %)
======================================================================
Total wall time: 0.595 s
Total CPU time: 1.489 s
======================================================================

Program ended: 2026-05-24 11:56:01
TOTAL RUN TIME: 0 days 0 hours 0 minutes 0 seconds 594 msec
