
**********************************************************************
*                                                                    *
*                        M   A   P   L   E                           *
*                                                                    *
*      MAchine-learning Potential for Landscape Exploration          *
*                                                                    *
*                                                                    *
*      © 2025 University of Pittsburgh. All rights reserved.         *
*      Licensed under CC BY 4.0 for academic use.                    *
*                                                                    *
*      Principal Developer:  Xujian Wang                             *
*                                                                    *
**********************************************************************


Parsing # commands...
Global parameter: model = ANI-2x
Task set to 'sp'
Parsed configuration:
----------------------------------------
Task: sp
model          : ani2x
verbose        : 1

                             Coordinates                              
**********************************************************************

Group 1 (inline)
--------------------
1    C              0.653658             1.020135             0.250402
2    C             -0.951296            -1.029314             0.574742
3    C              1.958886            -0.936220             0.005155
4    N              0.790775            -0.149466            -0.388469
5    N             -0.422421             1.801631             0.015641
6    O             -1.872111            -0.714479            -0.393606
7    H             -1.491524            -0.991657            -1.237188
8    H              1.935015             1.438955            -0.762746
9    H              1.140802             1.209470             1.209100
10   H             -1.060007             1.568701            -0.724831
11   H             -0.642773             2.561844             0.628784
12   H             -1.224758            -0.594674             1.532954
13   H             -0.613130            -2.063666             0.608335
14   H              1.618545            -1.952644             0.206338
15   H              2.678775            -0.974019            -0.815398
16   H              2.473972            -0.558690             0.896703

Charge: 0, Multiplicity: 1
Energy: -304.7642932897 Hartree

Gradients (Hartree/Angstrom):
  Gradient = -Force
  Atom  El        Gx              Gy              Gz
  1    C      -0.10266493      0.02860843      0.11792911
  2    C      -0.08336351     -0.02371526      0.04541698
  3    C       0.03426485     -0.01383988      0.00515845
  4    N       0.10547175      0.05071949     -0.09252290
  5    N       0.00947110     -0.01377346      0.00264503
  6    O       0.02184403      0.00224924     -0.00525583
  7    H      -0.00991479     -0.00544633      0.00266360
  8    H       0.03686071     -0.03305264     -0.05529496
  9    H      -0.01167883     -0.00082533     -0.01351971
  10   H       0.00696653      0.00887080     -0.00033596
  11   H       0.00424815     -0.00923034     -0.00473377
  12   H      -0.00369785     -0.00480554      0.00827175
  13   H       0.00377101      0.00490504     -0.00487071
  14   H      -0.00491144      0.00881686     -0.00243353
  15   H      -0.00285685      0.00055546      0.00761027
  16   H      -0.00380990     -0.00003653     -0.01072782



Program started: 2026-05-24 11:56:03

======================================================================
                      TIMING SUMMARY
======================================================================
Input Reading.......................................   0.001 s  (   0.2 %)
  Settings Parsing....................................   0.000 s  (  16.7 %)
  Coordinate Section Parsing..........................   0.000 s  (  22.8 %)
  Post-Processing Expansion...........................   0.000 s  (   0.3 %)
MLP Initialization..................................   0.119 s  (  25.7 %)
Job Dispatching.....................................   0.342 s  (  74.0 %)
  Single Point Energy Calculation.....................   0.342 s  (  99.8 %)
======================================================================
Total wall time: 0.462 s
Total CPU time: 0.729 s
======================================================================

Program ended: 2026-05-24 11:56:03
TOTAL RUN TIME: 0 days 0 hours 0 minutes 0 seconds 462 msec
