
**********************************************************************
*                                                                    *
*                        M   A   P   L   E                           *
*                                                                    *
*      MAchine-learning Potential for Landscape Exploration          *
*                                                                    *
*                                                                    *
*      © 2025 University of Pittsburgh. All rights reserved.         *
*      Licensed under CC BY 4.0 for academic use.                    *
*                                                                    *
*      Principal Developer:  Xujian Wang                             *
*                                                                    *
**********************************************************************


Parsing # commands...
Global parameter: model = ANI-2x
Task set to 'sp'
Global parameter: d4 = True
Parsed configuration:
----------------------------------------
Task: sp
model          : ani2x
verbose        : 1
d4             : True

                             Coordinates                              
**********************************************************************

Group 1 (inline)
--------------------
1    C              0.653658             1.020135             0.250402
2    C             -0.951296            -1.029314             0.574742
3    C              1.958886            -0.936220             0.005155
4    N              0.790775            -0.149466            -0.388469
5    N             -0.422421             1.801631             0.015641
6    O             -1.872111            -0.714479            -0.393606
7    H             -1.491524            -0.991657            -1.237188
8    H              1.935015             1.438955            -0.762746
9    H              1.140802             1.209470             1.209100
10   H             -1.060007             1.568701            -0.724831
11   H             -0.642773             2.561844             0.628784
12   H             -1.224758            -0.594674             1.532954
13   H             -0.613130            -2.063666             0.608335
14   H              1.618545            -1.952644             0.206338
15   H              2.678775            -0.974019            -0.815398
16   H              2.473972            -0.558690             0.896703

Charge: 0, Multiplicity: 1
Energy: -304.7660024799 Hartree

Gradients (Hartree/Angstrom):
  Gradient = -Force
  Atom  El        Gx              Gy              Gz
  1    C      -0.10262842      0.02863177      0.11793766
  2    C      -0.08337443     -0.02374174      0.04543700
  3    C       0.03432772     -0.01387329      0.00517078
  4    N       0.10548286      0.05072229     -0.09253468
  5    N       0.00947156     -0.01372679      0.00263983
  6    O       0.02179312      0.00222653     -0.00527566
  7    H      -0.00992891     -0.00544586      0.00267416
  8    H       0.03684958     -0.03304962     -0.05529040
  9    H      -0.01168369     -0.00082001     -0.01352426
  10   H       0.00695099      0.00887085     -0.00034509
  11   H       0.00423806     -0.00920571     -0.00472147
  12   H      -0.00371048     -0.00480775      0.00826539
  13   H       0.00375889      0.00489886     -0.00487286
  14   H      -0.00490180      0.00881529     -0.00243719
  15   H      -0.00284551      0.00054858      0.00760888
  16   H      -0.00379952     -0.00004340     -0.01073208



Program started: 2026-05-24 11:56:05

======================================================================
                      TIMING SUMMARY
======================================================================
Input Reading.......................................   0.001 s  (   0.2 %)
  Settings Parsing....................................   0.000 s  (  17.0 %)
  Coordinate Section Parsing..........................   0.000 s  (  21.4 %)
  Post-Processing Expansion...........................   0.000 s  (   0.3 %)
MLP Initialization..................................   0.138 s  (  23.1 %)
Job Dispatching.....................................   0.458 s  (  76.7 %)
  Single Point Energy Calculation.....................   0.458 s  (  99.8 %)
======================================================================
Total wall time: 0.598 s
Total CPU time: 1.203 s
======================================================================

Program ended: 2026-05-24 11:56:06
TOTAL RUN TIME: 0 days 0 hours 0 minutes 0 seconds 597 msec
