
**********************************************************************
*                                                                    *
*                        M   A   P   L   E                           *
*                                                                    *
*      MAchine-learning Potential for Landscape Exploration          *
*                                                                    *
*                                                                    *
*      © 2025 University of Pittsburgh. All rights reserved.         *
*      Licensed under CC BY 4.0 for academic use.                    *
*                                                                    *
*      Principal Developer:  Xujian Wang                             *
*                                                                    *
**********************************************************************


Parsing # commands...
Global parameter: model = aimnet2
Task set to 'ts'
Global parameter: device = gpu0
Parsed configuration:
----------------------------------------
Task: ts
model          : aimnet2
method         : neb
refine         : nebts
device         : gpu0

                             Coordinates                              
**********************************************************************

======================================================================
NEB Initialization
======================================================================
Input images:    2
Required images: 12 (including endpoints)

Aligning input images to reactant reference...
Product aligned to reactant. RMSD: 0.898270 Angstrom
Input alignment completed.

Need to insert 10 additional image(s).
Analyzing distances to determine optimal insertion points...

Distances between consecutive input images:
  Image 0 -> 1: 2.3766 Angstrom

Insertion plan:
  Insert 10 image(s) between image 0 and 1

Total images after insertion: 12

Applying IDPP smoothing to interpolated images...
IDPP smoothing completed.

Performing final Kabsch alignment of all images to reactant...
Final alignment completed.

Properties of fixed NEB end points:
               Reactant:
                         E               ....   -153.914622 Eh
                         RMS(F)          ....    0.010259 Eh/Angstrom
                         MAX(|F|)        ....    0.018076 Eh/Angstrom
               Product:
                         E               ....   -153.931557 Eh
                         RMS(F)          ....    0.009626 Eh/Angstrom
                         MAX(|F|)        ....    0.017416 Eh/Angstrom

Reactant XYZ (Angstrom):
C        0.826066       0.550860      -0.126179
H        0.455445       1.241751      -0.878432
O        0.568075       1.024651       1.118743
C        1.441110      -0.587360      -0.436361
H        0.909909       0.393232       1.766632
H        1.591683      -0.859293      -1.474189
H        1.808953      -1.273475       0.323724

Product XYZ (Angstrom):
C        0.784037       0.865659      -0.037116
H        0.980929       1.340390      -1.023124
O        0.187580       1.468124       0.822343
C        1.310077      -0.535901       0.115373
H        1.063949      -0.923634       1.105994
H        0.877931      -1.181692      -0.658284
H        2.396738      -0.542577      -0.031247


Performing Kabsch alignment of all images...
Alignment completed.

Starting NEB iterations with ORCA-style dynamic spring constants:
k_min = 0.0300, k_max = 0.3000, k_decay = 0.5000
Optim.  Iteration  HEI  E(HEI)-E(0)  max(|Fp|)   RMS(Fp)   k(HEI)
Convergence thresholds          0.009500    0.005000
Initial    0      5   0.135446    0.189720   0.052362   0.1362
   LBFGS    1      5   0.134519    0.185630   0.051280   0.1362
   LBFGS    2      5   0.127091    0.161425   0.045550   0.1362
   LBFGS    3      5   0.119737    0.144396   0.040222   0.1362
   LBFGS    4      5   0.112871    0.123687   0.035961   0.1362
   LBFGS    5      5   0.107480    0.112622   0.032012   0.1362
   LBFGS    6      5   0.102986    0.098788   0.028898   0.1362
   LBFGS    7      5   0.099326    0.090497   0.026341   0.1362
   LBFGS    8      5   0.096113    0.079405   0.023327   0.1362
   LBFGS    9      4   0.093742    0.069174   0.020330   0.1362
   LBFGS   10      4   0.091375    0.058548   0.017195   0.1362
   LBFGS   11      4   0.089653    0.042799   0.013463   0.1362
   LBFGS   12      4   0.088677    0.031882   0.009684   0.1362
   LBFGS   13      4   0.088038    0.022949   0.007301   0.1362
   LBFGS   14      4   0.087442    0.017923   0.005816   0.1362
   LBFGS   15      4   0.086864    0.014693   0.004436   0.1362
   LBFGS   16      4   0.086253    0.014510   0.004696   0.1362
   LBFGS   17      4   0.085577    0.013791   0.004683   0.1362
   LBFGS   18      4   0.084846    0.014426   0.004859   0.1362
   LBFGS   19      4   0.084098    0.017080   0.004790   0.1362
   LBFGS   20      4   0.083386    0.014880   0.004469   0.1362
   LBFGS   21      5   0.082789    0.016575   0.005145   0.1362
   LBFGS   22      5   0.082431    0.014055   0.004591   0.1362
   LBFGS   23      5   0.082313    0.022291   0.004950   0.1362
   LBFGS   24      5   0.082238    0.013907   0.003360   0.1362
   LBFGS   25      5   0.082399    0.014024   0.003896   0.1362
   LBFGS   26      5   0.082624    0.020341   0.004875   0.1362
   LBFGS   27      5   0.082914    0.017273   0.005133   0.1362
   LBFGS   28      5   0.083145    0.019192   0.005808   0.1362
   LBFGS   29      5   0.083392    0.020793   0.005476   0.1362
   LBFGS   30      5   0.083488    0.019458   0.005200   0.1362
   LBFGS   31      5   0.083366    0.017378   0.004830   0.1362
   LBFGS   32      5   0.082871    0.016777   0.004225   0.1362
   LBFGS   33      5   0.081895    0.014864   0.004121   0.1362
   LBFGS   34      4   0.081678    0.017779   0.004838   0.1362
   LBFGS   35      4   0.081311    0.017704   0.005267   0.1362
   LBFGS   36      4   0.080861    0.016865   0.005059   0.1362
   LBFGS   37      4   0.080276    0.017193   0.005651   0.1362
   LBFGS   38      4   0.079668    0.018106   0.005496   0.1362
   LBFGS   39      4   0.078965    0.024637   0.005901   0.1362
   LBFGS   40      4   0.078270    0.016271   0.005212   0.1362
   LBFGS   41      4   0.077612    0.015237   0.005245   0.1362
   LBFGS   42      4   0.077151    0.013845   0.004576   0.1362
   LBFGS   43      4   0.076843    0.012465   0.003771   0.1362
   LBFGS   44      4   0.076779    0.017204   0.004329   0.1362
   LBFGS   45      4   0.076798    0.013343   0.003741   0.1362
   LBFGS   46      4   0.077005    0.012831   0.003969   0.1362
   LBFGS   47      4   0.077375    0.011125   0.003822   0.1362
   LBFGS   48      4   0.077786    0.015347   0.004299   0.1362
   LBFGS   49      4   0.077988    0.014010   0.003827   0.1362
   LBFGS   50      4   0.077831    0.017669   0.004197   0.1362
   LBFGS   51      4   0.076972    0.011714   0.003552   0.1362
   LBFGS   52      4   0.075738    0.015160   0.003726   0.1362
   LBFGS   53      4   0.074188    0.012224   0.003977   0.1362
   LBFGS   54      4   0.073155    0.011263   0.003664   0.1362
   LBFGS   55      4   0.072388    0.010736   0.003527   0.1362
   LBFGS   56      4   0.071789    0.011751   0.003058   0.1362
   LBFGS   57      4   0.071426    0.009164   0.002819   0.1362

NEB optimization converged after 57 iterations.

---------------------------------------------------------------
                         PATH SUMMARY              
---------------------------------------------------------------
All forces in Eh/Angstrom.

Image Dist.(Ang.)    E(Eh)   dE(kcal/mol)  max(|Fp|)  RMS(Fp)
  0     0.000    -153.91462        0.00     0.00000    0.00000
  1     0.355    -153.91300        1.02     0.00597    0.00341
  2     0.350    -153.90553        5.71     0.00608    0.00370
  3     0.413    -153.88363       19.45     0.00752    0.00547
  4     0.374    -153.84320       44.82     0.01072    0.00691 <= HEI
  5     0.384    -153.84394       44.36     0.00610    0.00434
  6     0.386    -153.90210        7.86     0.01261    0.00839
  7     0.371    -153.92755       -8.12     0.00674    0.00412
  8     0.332    -153.93104      -10.30     0.00713    0.00385
  9     0.342    -153.93121      -10.41     0.00466    0.00303
 10     0.363    -153.93155      -10.62     0.00388    0.00225
 11     0.342    -153.93156      -10.63     0.00000    0.00000

Straight line distance between images along the path:
        D( 0- 1) =  0.3549 Ang.
        D( 1- 2) =  0.3498 Ang.
        D( 2- 3) =  0.4128 Ang.
        D( 3- 4) =  0.3745 Ang.
        D( 4- 5) =  0.3840 Ang.
        D( 5- 6) =  0.3862 Ang.
        D( 6- 7) =  0.3707 Ang.
        D( 7- 8) =  0.3324 Ang.
        D( 8- 9) =  0.3422 Ang.
        D( 9-10) =  0.3626 Ang.
        D(10-11) =  0.3417 Ang.

---------------------------------------------------------------
           INFORMATION ABOUT HIGHEST ENERGY IMAGE
---------------------------------------------------------------
Highest energy image                      ....  4
Energy                                    ....  -153.84319630 Eh
Max. abs. force                           ....   1.0715e-02 Eh/Angstrom

-----------------------------------------
  HIGHEST ENERGY IMAGE (ANGSTROEM)
-----------------------------------------
C        0.927097       0.711817      -0.176227
H        0.567792       1.385620      -0.947587
O        0.790682       1.062830       1.107803
C        1.337407      -0.570652      -0.230569
H        0.728950      -0.018753       1.132267
H        1.066855      -1.245199      -1.008106
H        2.182458      -0.835296       0.416356

Wrote MEP to: /home/user/software/MAPLE/examples/ts/neb/inp2_mep.xyz
Wrote HEI to: /home/user/software/MAPLE/examples/ts/neb/inp2_hei.xyz
Wrote trajectory to: /home/user/software/MAPLE/examples/ts/neb/inp2_image_traj.xyz

Starting CINEB refinement:
Optim.  Iteration  CI   E(CI)-E(0)   max(|Fp|)   RMS(Fp)   max(|FCI|)   RMS(|FCI|)
Convergence thresholds regular:  0.009500/ 0.005000,  CI:  0.010000/ 0.010000
   LBFGS    0      4   0.071692    0.008921   0.010077   0.108221   0.052567
   LBFGS    1      4   0.070510    0.014917   0.010317   0.106390   0.052043
   LBFGS    2      4   0.069477    0.015450   0.010325   0.104456   0.051469
   LBFGS    3      4   0.068472    0.015993   0.010380   0.102363   0.050943
   LBFGS    4      4   0.067501    0.016542   0.010488   0.100092   0.050477
   LBFGS    5      4   0.066567    0.017120   0.010660   0.097647   0.050087
   LBFGS    6      4   0.065674    0.019685   0.010903   0.095049   0.049791
   LBFGS    7      4   0.064828    0.022960   0.011230   0.092329   0.049598
   LBFGS    8      4   0.064031    0.027064   0.011649   0.089530   0.049517
   LBFGS    9      4   0.063286    0.031768   0.012169   0.086709   0.049550
   LBFGS   10      4   0.062598    0.037126   0.012798   0.083956   0.049716
   LBFGS   11      4   0.061970    0.043172   0.013543   0.081404   0.050050
   LBFGS   12      4   0.061406    0.049919   0.014411   0.079249   0.050611
   LBFGS   13      4   0.060912    0.057414   0.015407   0.077749   0.051483
   LBFGS   14      4   0.060495    0.065847   0.016534   0.077218   0.052762
   LBFGS   15      4   0.060161    0.074946   0.017797   0.078001   0.054554
   LBFGS   16      4   0.059918    0.084702   0.019199   0.080429   0.056965
   LBFGS   17      4   0.059775    0.095113   0.020742   0.084765   0.060090
   LBFGS   18      4   0.059741    0.106182   0.022429   0.091174   0.064013
   LBFGS   19      4   0.059826    0.117921   0.024265   0.099720   0.068799
   LBFGS   20      4   0.060041    0.135948   0.026275   0.110390   0.074495
   LBFGS   21      4   0.060397    0.150276   0.028432   0.123125   0.081140
   LBFGS   22      4   0.060911    0.165531   0.030757   0.137903   0.088771
   LBFGS   23      4   0.061597    0.181772   0.033261   0.156898   0.097423
   LBFGS   24      4   0.062470    0.199066   0.035954   0.178504   0.107137
   LBFGS   25      4   0.063548    0.217490   0.038853   0.201894   0.117966
   LBFGS   26      4   0.064848    0.237131   0.041976   0.227217   0.129977
   LBFGS   27      4   0.066392    0.258085   0.045341   0.254636   0.143243
   LBFGS   28      4   0.068201    0.280458   0.048970   0.284295   0.157832
   LBFGS   29      4   0.070299    0.304366   0.052882   0.316278   0.173783
   LBFGS   30      4   0.072710    0.329936   0.057021   0.350576   0.191087
   LBFGS   31      4   0.070493    0.305517   0.052921   0.319450   0.174679
   LBFGS   32      4   0.069496    0.291663   0.050321   0.304923   0.165890
   LBFGS   33      4   0.068292    0.271885   0.046724   0.285054   0.154173
   LBFGS   34      4   0.067267    0.251678   0.043137   0.265498   0.142924
   LBFGS   35      4   0.066434    0.231783   0.039676   0.246866   0.132483
   LBFGS   36      4   0.065782    0.212543   0.036391   0.229382   0.122970
   LBFGS   37      4   0.065284    0.193945   0.033277   0.212958   0.114336
   LBFGS   38      4   0.064906    0.175866   0.030315   0.197423   0.106479
   LBFGS   39      4   0.064603    0.158002   0.027458   0.182413   0.099168
   LBFGS   40      4   0.064289    0.139669   0.024610   0.167124   0.091922
   LBFGS   41      4   0.063852    0.118150   0.021793   0.151066   0.084493
   LBFGS   42      4   0.063480    0.108347   0.020282   0.141198   0.080147
   LBFGS   43      4   0.062964    0.103085   0.019526   0.135933   0.078016
   LBFGS   44      4   0.062280    0.098015   0.018594   0.128093   0.074375
   LBFGS   45      4   0.061863    0.098434   0.018706   0.128935   0.074988
   LBFGS   46      4   0.061363    0.096938   0.018414   0.126322   0.073928
   LBFGS   47      4   0.060826    0.095207   0.018028   0.122478   0.072269
   LBFGS   48      4   0.060182    0.089299   0.017003   0.114238   0.068591
   LBFGS   49      4   0.059501    0.085728   0.016307   0.107312   0.065610
   LBFGS   50      4   0.058694    0.075206   0.014365   0.093929   0.058226
   LBFGS   51      4   0.057828    0.066668   0.013014   0.085420   0.053116
   LBFGS   52      4   0.057102    0.054789   0.011170   0.075174   0.046471
   LBFGS   53      4   0.056562    0.043205   0.009712   0.069519   0.041824
   LBFGS   54      4   0.056286    0.032346   0.008723   0.068361   0.039424
   LBFGS   55      4   0.056165    0.021982   0.008201   0.070721   0.038946
   LBFGS   56      4   0.056207    0.019681   0.008129   0.075452   0.040036
   LBFGS   57      4   0.056377    0.019289   0.008432   0.081612   0.042233
   LBFGS   58      4   0.056675    0.018900   0.009002   0.088403   0.045090
   LBFGS   59      4   0.057080    0.019611   0.009740   0.095382   0.048288
   LBFGS   60      4   0.057590    0.024995   0.010559   0.102188   0.051569
   LBFGS   61      4   0.058186    0.032121   0.011405   0.108648   0.054778
   LBFGS   62      4   0.058863    0.038878   0.012229   0.114575   0.057778
   LBFGS   63      4   0.059598    0.045077   0.013007   0.119923   0.060510
   LBFGS   64      4   0.060401    0.050788   0.013733   0.124686   0.062956
   LBFGS   65      4   0.061247    0.055984   0.014396   0.128876   0.065109
   LBFGS   66      4   0.062142    0.060715   0.014997   0.132525   0.066968
   LBFGS   67      4   0.063077    0.065328   0.015542   0.135678   0.068580
   LBFGS   68      4   0.064041    0.069417   0.016025   0.138409   0.069957
   LBFGS   69      4   0.065040    0.073137   0.016459   0.140765   0.071162
   LBFGS   70      4   0.066064    0.076432   0.016838   0.142797   0.072159
   LBFGS   71      4   0.067127    0.079294   0.017182   0.144564   0.073117
   LBFGS   72      4   0.068198    0.081869   0.017456   0.146036   0.073663
   LBFGS   73      4   0.069347    0.084201   0.017753   0.147363   0.074520
   LBFGS   74      4   0.070501    0.086161   0.017960   0.148405   0.074872
   LBFGS   75      4   0.071757    0.087512   0.018173   0.149331   0.075431
   LBFGS   76      4   0.073062    0.089483   0.018340   0.149876   0.075627
   LBFGS   77      4   0.074439    0.089692   0.018469   0.150223   0.075840
   LBFGS   78      4   0.075817    0.090529   0.018550   0.150206   0.075876
   LBFGS   79      4   0.077180    0.090771   0.018584   0.149673   0.075594
   LBFGS   80      4   0.078544    0.090536   0.018568   0.148800   0.075213
   LBFGS   81      4   0.079895    0.090394   0.018469   0.147199   0.074437
   LBFGS   82      4   0.081228    0.089925   0.018329   0.145111   0.073391
   LBFGS   83      4   0.082566    0.088557   0.018030   0.142074   0.071935
   LBFGS   84      4   0.083872    0.087843   0.017871   0.138483   0.070122
   LBFGS   85      4   0.085058    0.083770   0.017243   0.133778   0.067611
   LBFGS   86      4   0.086229    0.081627   0.016692   0.128153   0.064682
   LBFGS   87      4   0.087403    0.078100   0.015984   0.121539   0.061358
   LBFGS   88      4   0.088540    0.073891   0.015110   0.113673   0.057348
   LBFGS   89      4   0.089550    0.068884   0.014123   0.104877   0.052943
   LBFGS   90      4   0.090367    0.062976   0.013021   0.095780   0.048380
   LBFGS   91      4   0.091014    0.057046   0.011895   0.086266   0.043637
   LBFGS   92      4   0.091480    0.050169   0.010681   0.076763   0.038941
   LBFGS   93      4   0.091788    0.044288   0.009561   0.067530   0.034382
   LBFGS   94      4   0.091964    0.037947   0.008467   0.059077   0.030288
   LBFGS   95      4   0.092066    0.033091   0.007482   0.050872   0.026274
   LBFGS   96      4   0.092123    0.027860   0.006543   0.043142   0.022604
   LBFGS   97      4   0.092145    0.022515   0.005573   0.035732   0.019072
   LBFGS   98      4   0.092163    0.019332   0.004807   0.028547   0.015702
   LBFGS   99      4   0.092156    0.013202   0.003964   0.022454   0.012965
   LBFGS  100      4   0.092148    0.010089   0.003225   0.016099   0.010189
   LBFGS  101      4   0.092132    0.007774   0.002701   0.011673   0.008100

CINEB converged after 102 iterations.

---------------------------------------------------------------
               INFORMATION ABOUT SADDLE POINT     
---------------------------------------------------------------
Climbing image                            ....  4
Energy                                    ....  -153.82248982 Eh
Max. abs. force                           ....   1.1673e-02 Eh/Angstrom

-----------------------------------------
  SADDLE POINT (ANGSTROEM)
-----------------------------------------
C        0.893290       0.746061      -0.139914
H        0.572535       1.344624      -0.993366
O        0.779923       1.224237       1.040159
C        1.249241      -0.604500      -0.146968
H        0.803620      -0.130374       1.194503
H        1.159539      -1.186800      -1.065187
H        2.143094      -0.902877       0.404710

Starting Transition State Search (TS) with RS-PRFO...
Trust radius adaptation: eta_shrink=0.75, eta_expand=1.75
Convergence thresholds: f_max=0.002850, f_rms=0.001900, dp_max=0.003150, dp_rms=0.002100

----------------------------------------------------------------------
                             Iteration: 1                             


                             Coordinates                              
----------------------------------------------------------------------
0    C                0.9027               0.7486              -0.1417
1    H                0.6262               1.3585              -1.0051
2    O                0.7690               1.2210               1.0407
3    C                1.2532              -0.6046              -0.1389
4    H                0.8026              -0.1172               1.1939
5    H                1.0459              -1.1992              -1.0333
6    H                2.2174              -0.8956               0.3021


Energy:                 -153.823816 Convergence criteria  Is converged 
Maximum Force:             0.007450     0.002850                No
RMS Force:                 0.003520     0.001900                No
Maximum Displacement:      0.113594     0.003150                No
RMS Displacement:          0.040167     0.002100                No

Model change: -1.498726e-03  Actual change: -1.325992e-03  rho: 0.885
Trust radius (MW):  0.200000  Step norm (MW):  0.195094  On boundary: False

----------------------------------------------------------------------
                             Iteration: 2                             


                             Coordinates                              
----------------------------------------------------------------------
0    C                0.9036               0.7599              -0.1232
1    H                0.6306               1.3701              -0.9858
2    O                0.7452               1.2226               1.0595
3    C                1.2787              -0.5877              -0.1242
4    H                0.8238              -0.1101               1.2085
5    H                1.0683              -1.1817              -1.0103
6    H                2.2394              -0.8733               0.3124


Energy:                 -153.823912 Convergence criteria  Is converged 
Maximum Force:             0.000855     0.002850                Yes
RMS Force:                 0.000331     0.001900                Yes
Maximum Displacement:      0.025509     0.003150                No
RMS Displacement:          0.017198     0.002100                No

Model change: -9.594947e-05  Actual change: -9.570866e-05  rho: 0.997
Trust radius (MW):  0.200000  Step norm (MW):  0.194938  On boundary: False

----------------------------------------------------------------------
                             Iteration: 3                             


                             Coordinates                              
----------------------------------------------------------------------
0    C                0.9007               0.7589              -0.1234
1    H                0.6217               1.3665              -0.9859
2    O                0.7439               1.2223               1.0590
3    C                1.2826              -0.5866              -0.1236
4    H                0.8299              -0.1089               1.2099
5    H                1.0719              -1.1831              -1.0080
6    H                2.2463              -0.8668               0.3100


Energy:                 -153.823912 Convergence criteria  Is converged 
Maximum Force:             0.000027     0.002850                Yes
RMS Force:                 0.000013     0.001900                Yes
Maximum Displacement:      0.008909     0.003150                No
RMS Displacement:          0.003635     0.002100                No

Model change: -9.270051e-08  Actual change: -7.009376e-08  rho: 0.756
Trust radius (MW):  0.025000  Step norm (MW):  0.024374  On boundary: False

----------------------------------------------------------------------
                             Iteration: 4                             


                             Coordinates                              
----------------------------------------------------------------------
0    C                0.9004               0.7558              -0.1250
1    H                0.6215               1.3635              -0.9874
2    O                0.7436               1.2189               1.0574
3    C                1.2821              -0.5898              -0.1255
4    H                0.8295              -0.1122               1.2081
5    H                1.0714              -1.1861              -1.0100
6    H                2.2458              -0.8701               0.3081


Energy:                 -153.823912 Convergence criteria  Is converged 
Maximum Force:             0.000000     0.002850                Yes
RMS Force:                 0.000000     0.001900                Yes
Maximum Displacement:      0.003348     0.003150                No
RMS Displacement:          0.002126     0.002100                No

Model change: -8.531309e-10  Actual change: -2.135670e-08  rho: 25.033
Trust radius (MW):  0.025000  Step norm (MW):  0.024367  On boundary: False

----------------------------------------------------------------------
                             Iteration: 5                             


                             Coordinates                              
----------------------------------------------------------------------
0    C                0.9001               0.7558              -0.1255
1    H                0.6206               1.3627              -0.9883
2    O                0.7433               1.2196               1.0567
3    C                1.2828              -0.5895              -0.1252
4    H                0.8302              -0.1114               1.2082
5    H                1.0723              -1.1866              -1.0093
6    H                2.2468              -0.8689               0.3083


Energy:                 -153.823912 Convergence criteria  Is converged 
Maximum Force:             0.000001     0.002850                Yes
RMS Force:                 0.000000     0.001900                Yes
Maximum Displacement:      0.001268     0.003150                Yes
RMS Displacement:          0.000675     0.002100                Yes

Model change: -1.915776e-11  Actual change: -3.833253e-08  rho: 2000.887
Trust radius (MW):  0.006250  Step norm (MW):  0.006092  On boundary: False


----------------------------------------------------------------------
                          Normal Termination                          


---------------------------------------------------------------
                      PATH SUMMARY FOR NEB-TS             
---------------------------------------------------------------
All forces in Eh/Angstrom. Global forces for TS.

Image     E(Eh)   dE(kcal/mol)  max(|Fp|)  RMS(Fp)
   0   -153.91462        0.00     0.01808    0.01026
   1   -153.91360        0.64     0.00709    0.00447
   2   -153.90517        5.93     0.02325    0.01329
   3   -153.88093       21.14     0.09727    0.04866
   4   -153.82249       57.81     0.01167    0.00810 <= CI
  TS   -153.82391       56.92     0.00000    0.00000 <= TS
   6   -153.85017       40.45     0.12296    0.05944
   7   -153.89286       13.66     0.10193    0.04898
   8   -153.92270       -5.07     0.04293    0.02094
   9   -153.93080      -10.15     0.00793    0.00528
  10   -153.93134      -10.49     0.00234    0.00124
  11   -153.93160      -10.65     0.00286    0.00147
  12   -153.93156      -10.63     0.01742    0.00963

-----------------------------------------
  REFINED TS STRUCTURE (ANGSTROEM)
-----------------------------------------
C        0.900125       0.755770      -0.125544
H        0.620559       1.362728      -0.988254
O        0.743315       1.219591       1.056666
C        1.282828      -0.589510      -0.125200
H        0.830160      -0.111424       1.208189
H        1.072298      -1.186588      -1.009310
H        2.246840      -0.868871       0.308299

Wrote NEB-TS MEP to: /home/user/software/MAPLE/examples/ts/neb/inp2_nebts_mep.xyz
Wrote TS structure to: /home/user/software/MAPLE/examples/ts/neb/inp2_nebts_ts.xyz



Program started: 2026-02-03 14:48:33

======================================================================
                      TIMING SUMMARY
======================================================================
Input Reading (×10).................................   0.017 s  (   0.0 %)
  Settings Parsing (×10)..............................   0.012 s  (  73.7 %)
  Coordinate Section Parsing (×10)....................   0.002 s  (  13.6 %)
  Post-Processing Expansion (×10).....................   0.000 s  (   0.1 %)
MLP Initialization (×10)............................   0.699 s  (   1.4 %)
Job Dispatching (×10)............................... 1252.501 s  (2545.8 %)
  Frequency Calculation (×4)..........................   1.438 s  (   0.1 %)
  Transition State Optimization (×6).................. 1251.061 s  (  99.9 %)
======================================================================
Total wall time: 49.198 s
Total CPU time: 49.357 s
======================================================================

Program ended: 2026-02-03 14:49:22
TOTAL RUN TIME: 0 days 0 hours 0 minutes 49 seconds 197 msec
